============================= test session starts =============================
platform win32 -- Python 3.14.3, pytest-9.0.2, pluggy-1.6.0 -- C:\Users\theot\AppData\Local\Python\pythoncore-3.14-64\python.exe
cachedir: .pytest_cache
rootdir: C:\Users\theot\OneDrive\Desktop\Personal Projects\ParseForge
configfile: pyproject.toml
plugins: anyio-4.13.0, asyncio-1.3.0
asyncio: mode=Mode.STRICT, debug=False, asyncio_default_fixture_loop_scope=None, asyncio_default_test_loop_scope=function
collecting ... collected 104 items

tests/test_decision_engine.py::TestScoringAndAction::test_full_request_gets_match PASSED [  0%]
tests/test_decision_engine.py::TestScoringAndAction::test_high_score_match PASSED [  1%]
tests/test_decision_engine.py::TestScoringAndAction::test_unknown_intent_lowers_score PASSED [  2%]
tests/test_decision_engine.py::TestScoringAndAction::test_general_topic_lowers_score PASSED [  3%]
tests/test_decision_engine.py::TestScoringAndAction::test_unknown_intent_no_topic_gets_clarify_or_queue PASSED [  4%]
tests/test_decision_engine.py::TestScoringAndAction::test_empty_request_gets_reject PASSED [  5%]
tests/test_decision_engine.py::TestPriorityMapping::test_high_urgency_high_score_is_critical PASSED [  6%]
tests/test_decision_engine.py::TestPriorityMapping::test_high_urgency_low_score_is_high PASSED [  7%]
tests/test_decision_engine.py::TestPriorityMapping::test_low_urgency_is_low_priority PASSED [  8%]
tests/test_decision_engine.py::TestPriorityMapping::test_medium_urgency_is_medium_priority PASSED [  9%]
tests/test_decision_engine.py::TestDecisionResult::test_returns_decision_result_model PASSED [ 10%]
tests/test_decision_engine.py::TestDecisionResult::test_score_in_valid_range PASSED [ 11%]
tests/test_decision_engine.py::TestDecisionResult::test_reason_is_non_empty PASSED [ 12%]
tests/test_decision_engine.py::TestDecisionResult::test_high_urgency_bonus_applied PASSED [ 13%]
tests/test_decision_engine.py::TestDecisionResult::test_clean_validation_bonus_applied PASSED [ 14%]
tests/test_enricher.py::TestMetadataEnrichment::test_request_id_added PASSED [ 15%]
tests/test_enricher.py::TestMetadataEnrichment::test_timestamp_added PASSED [ 16%]
tests/test_enricher.py::TestMetadataEnrichment::test_pipeline_version_set PASSED [ 17%]
tests/test_enricher.py::TestMetadataEnrichment::test_unique_request_ids PASSED [ 18%]
tests/test_enricher.py::TestUrgencyInference::test_asap_timeframe_makes_high_urgency PASSED [ 19%]
tests/test_enricher.py::TestUrgencyInference::test_today_timeframe_makes_high_urgency PASSED [ 20%]
tests/test_enricher.py::TestUrgencyInference::test_next_month_makes_low_urgency PASSED [ 21%]
tests/test_enricher.py::TestUrgencyInference::test_next_week_stays_medium PASSED [ 22%]
tests/test_enricher.py::TestUrgencyInference::test_urgent_keyword_in_raw_makes_high PASSED [ 23%]
tests/test_enricher.py::TestUrgencyInference::test_no_rush_makes_low_urgency PASSED [ 24%]
tests/test_enricher.py::TestTeamSizeInference::test_solo_keyword_infers_team_size_1 PASSED [ 25%]
tests/test_enricher.py::TestTeamSizeInference::test_partner_keyword_infers_team_size_2 PASSED [ 25%]
tests/test_enricher.py::TestTeamSizeInference::test_explicit_team_size_not_overwritten PASSED [ 26%]
tests/test_enricher.py::TestTimeframeNormalization::test_asap_normalized PASSED [ 27%]
tests/test_enricher.py::TestTimeframeNormalization::test_weekend_normalized PASSED [ 28%]
tests/test_enricher.py::TestTimeframeNormalization::test_tomorrow_normalized PASSED [ 29%]
tests/test_enricher.py::TestTimeframeNormalization::test_unknown_timeframe_preserved PASSED [ 30%]
tests/test_enricher.py::TestEnrichmentNonFatal::test_returns_request_even_if_enrichment_partial PASSED [ 31%]
tests/test_orchestrator.py::TestPipelineStructure::test_returns_pipeline_result PASSED [ 32%]
tests/test_orchestrator.py::TestPipelineStructure::test_trace_id_is_set PASSED [ 33%]
tests/test_orchestrator.py::TestPipelineStructure::test_custom_trace_id_respected PASSED [ 34%]
tests/test_orchestrator.py::TestPipelineStructure::test_stage_list_present PASSED [ 35%]
tests/test_orchestrator.py::TestPipelineStructure::test_stage_names_correct PASSED [ 36%]
tests/test_orchestrator.py::TestPipelineStructure::test_total_duration_ms_positive PASSED [ 37%]
tests/test_orchestrator.py::TestPipelineStructure::test_successful_result_has_decision PASSED [ 38%]
tests/test_orchestrator.py::TestPipelineStructure::test_successful_result_has_parsed_request PASSED [ 39%]
tests/test_orchestrator.py::TestHappyPaths::test_full_project_request PASSED [ 40%]
tests/test_orchestrator.py::TestHappyPaths::test_help_request PASSED     [ 41%]
tests/test_orchestrator.py::TestHappyPaths::test_gig_request PASSED      [ 42%]
tests/test_orchestrator.py::TestHappyPaths::test_scheduling_request PASSED [ 43%]
tests/test_orchestrator.py::TestHappyPaths::test_urgent_request_gets_high_priority PASSED [ 44%]
tests/test_orchestrator.py::TestErrorPaths::test_empty_input_fails_gracefully PASSED [ 45%]
tests/test_orchestrator.py::TestErrorPaths::test_too_short_input_fails_gracefully PASSED [ 46%]
tests/test_orchestrator.py::TestErrorPaths::test_past_timeframe_fails_gracefully PASSED [ 47%]
tests/test_orchestrator.py::TestErrorPaths::test_none_like_empty_string PASSED [ 48%]
tests/test_orchestrator.py::TestAutoCorrections::test_zero_team_size_auto_corrected FAILED [ 49%]
tests/test_orchestrator.py::TestAutoCorrections::test_over_100_team_size_clamped PASSED [ 50%]
tests/test_orchestrator.py::TestSkipEnrichment::test_skip_enrichment_still_succeeds PASSED [ 50%]
tests/test_orchestrator.py::TestSkipEnrichment::test_skip_enrichment_stage_shows_skipped PASSED [ 51%]
tests/test_orchestrator.py::TestSkipEnrichment::test_enrichment_enabled_adds_request_id PASSED [ 52%]
tests/test_orchestrator.py::TestFixtureBatch::test_all_fixtures_run_without_crash PASSED [ 53%]
tests/test_orchestrator.py::TestFixtureBatch::test_fixture_success_rate_above_threshold PASSED [ 54%]
tests/test_orchestrator.py::TestFixtureBatch::test_happy_path_fixtures_match FAILED [ 55%]
tests/test_orchestrator.py::TestFixtureBatch::test_rejection_fixtures PASSED [ 56%]
tests/test_orchestrator.py::TestFixtureBatch::test_print_batch_summary PASSED [ 57%]
tests/test_parser.py::TestIntentExtraction::test_project_intent FAILED   [ 58%]
tests/test_parser.py::TestIntentExtraction::test_help_intent PASSED      [ 59%]
tests/test_parser.py::TestIntentExtraction::test_gig_intent PASSED       [ 60%]
tests/test_parser.py::TestIntentExtraction::test_scheduling_intent PASSED [ 61%]
tests/test_parser.py::TestIntentExtraction::test_unknown_intent_fallback PASSED [ 62%]
tests/test_parser.py::TestIntentExtraction::test_task_intent FAILED      [ 63%]
tests/test_parser.py::TestTeamSizeExtraction::test_numeric_team_size PASSED [ 64%]
tests/test_parser.py::TestTeamSizeExtraction::test_word_team_size PASSED [ 65%]
tests/test_parser.py::TestTeamSizeExtraction::test_team_of_pattern PASSED [ 66%]
tests/test_parser.py::TestTeamSizeExtraction::test_no_team_size_defaults PASSED [ 67%]
tests/test_parser.py::TestTeamSizeExtraction::test_need_n_pattern PASSED [ 68%]
tests/test_parser.py::TestTeamSizeExtraction::test_team_size_clamped_over_100 PASSED [ 69%]
tests/test_parser.py::TestTimeframeExtraction::test_this_weekend PASSED  [ 70%]
tests/test_parser.py::TestTimeframeExtraction::test_tomorrow PASSED      [ 71%]
tests/test_parser.py::TestTimeframeExtraction::test_asap PASSED          [ 72%]
tests/test_parser.py::TestTimeframeExtraction::test_next_week PASSED     [ 73%]
tests/test_parser.py::TestTimeframeExtraction::test_today PASSED         [ 74%]
tests/test_parser.py::TestTimeframeExtraction::test_no_timeframe_defaults PASSED [ 75%]
tests/test_parser.py::TestTopicExtraction::test_robotics_topic PASSED    [ 75%]
tests/test_parser.py::TestTopicExtraction::test_calculus_topic PASSED    [ 76%]
tests/test_parser.py::TestTopicExtraction::test_default_topic_when_vague PASSED [ 77%]
tests/test_parser.py::TestUrgencyExtraction::test_asap_urgency PASSED    [ 78%]
tests/test_parser.py::TestUrgencyExtraction::test_urgent_keyword PASSED  [ 79%]
tests/test_parser.py::TestUrgencyExtraction::test_no_rush_urgency PASSED [ 80%]
tests/test_parser.py::TestUrgencyExtraction::test_default_medium_urgency PASSED [ 81%]
tests/test_parser.py::TestParserMetadata::test_parse_method_rule_based FAILED [ 82%]
tests/test_parser.py::TestParserMetadata::test_confidence_nonzero_for_good_input PASSED [ 83%]
tests/test_parser.py::TestParserMetadata::test_raw_input_preserved PASSED [ 84%]
tests/test_validator.py::TestValidHappyPath::test_valid_request_passes PASSED [ 85%]
tests/test_validator.py::TestValidHappyPath::test_returns_parsed_request PASSED [ 86%]
tests/test_validator.py::TestValidHappyPath::test_valid_all_intents PASSED [ 87%]
tests/test_validator.py::TestTeamSizeValidation::test_zero_team_size_auto_corrected PASSED [ 88%]
tests/test_validator.py::TestTeamSizeValidation::test_negative_team_size_rejected PASSED [ 89%]
tests/test_validator.py::TestTeamSizeValidation::test_team_size_one_valid PASSED [ 90%]
tests/test_validator.py::TestTeamSizeValidation::test_team_size_100_valid PASSED [ 91%]
tests/test_validator.py::TestPastTimeframeRejection::test_yesterday_rejected PASSED [ 92%]
tests/test_validator.py::TestPastTimeframeRejection::test_last_week_rejected PASSED [ 93%]
tests/test_validator.py::TestPastTimeframeRejection::test_future_timeframe_passes PASSED [ 94%]
tests/test_validator.py::TestClarificationRequired::test_unknown_intent_general_topic_needs_clarification PASSED [ 95%]
tests/test_validator.py::TestClarificationRequired::test_unknown_intent_specific_topic_passes PASSED [ 96%]
tests/test_validator.py::TestUnspecifiedTimeframeWarning::test_unspecified_timeframe_warns PASSED [ 97%]
tests/test_validator.py::TestUnspecifiedTimeframeWarning::test_unspecified_timeframe_still_valid PASSED [ 98%]
tests/test_validator.py::TestValidationResult::test_result_has_status PASSED [ 99%]
tests/test_validator.py::TestValidationResult::test_corrections_empty_on_clean PASSED [100%]

================================== FAILURES ===================================
___________ TestAutoCorrections.test_zero_team_size_auto_corrected ____________

self = <tests.test_orchestrator.TestAutoCorrections object at 0x00000186C9641A90>

    def test_zero_team_size_auto_corrected(self):
        result = run("Find me 0 people for a project this weekend")
        assert result.success is True
>       assert result.parsed_request["team_size"] >= 1
E       assert 0 >= 1

tests\test_orchestrator.py:117: AssertionError
---------------------------- Captured stdout call -----------------------------
2026-04-02T22:26:23.487786Z [info     ] pipeline_start                 skip_enrichment=False stage=input trace_id=f3ba53b5adb3
2026-04-02T22:26:23.489455Z [debug    ] input_stage_enter              raw_length=43 stage=input trace_id=f3ba53b5adb3
2026-04-02T22:26:23.490665Z [info     ] input_accepted                 length=43 stage=input trace_id=f3ba53b5adb3
2026-04-02T22:26:23.491934Z [debug    ] input_stage_exit               duration_ms=0.0 stage=input status=success trace_id=f3ba53b5adb3
2026-04-02T22:26:23.493274Z [debug    ] parser_stage_enter             input='Find me 0 people for a project this weekend' stage=parser trace_id=f3ba53b5adb3
2026-04-02T22:26:23.494463Z [info     ] parser_start                   input_length=43 stage=parser trace_id=f3ba53b5adb3
2026-04-02T22:26:23.495538Z [debug    ] attempting_ml_parse            stage=parser trace_id=f3ba53b5adb3
2026-04-02T22:26:23.888319Z [info     ] parser_complete                confidence=0.26102010107105594 intent=unknown method=local_ml stage=parser team_size=0 timeframe='this weekend' topic=general trace_id=f3ba53b5adb3
2026-04-02T22:26:23.890637Z [debug    ] parser_stage_exit              duration_ms=0.0 stage=parser status=success trace_id=f3ba53b5adb3
2026-04-02T22:26:23.891896Z [debug    ] validator_stage_enter          intent=unknown stage=validator team_size=0 trace_id=f3ba53b5adb3
2026-04-02T22:26:23.893053Z [info     ] validation_start               intent=unknown stage=validator team_size=0 trace_id=f3ba53b5adb3
2026-04-02T22:26:23.894294Z [info     ] validation_needs_clarification reason=unknown_intent_and_topic stage=validator trace_id=f3ba53b5adb3
2026-04-02T22:26:23.895594Z [debug    ] validator_stage_exit           duration_ms=0.0 stage=validator status=success trace_id=f3ba53b5adb3
2026-04-02T22:26:23.897063Z [debug    ] enricher_stage_enter           stage=enricher timeframe='this weekend' trace_id=f3ba53b5adb3 urgency=medium
2026-04-02T22:26:23.898313Z [info     ] enrichment_start               stage=enricher topic=general trace_id=f3ba53b5adb3 urgency=medium
2026-04-02T22:26:23.899591Z [info     ] enrichment_complete            enrichments=['metadata', 'timeframe_normalized'] request_id=d31c3976-6439-49ab-a3b8-795e8fc72866 stage=enricher trace_id=f3ba53b5adb3 urgency=medium
2026-04-02T22:26:23.901609Z [debug    ] enricher_stage_exit            duration_ms=0.0 stage=enricher status=success trace_id=f3ba53b5adb3
2026-04-02T22:26:23.903845Z [debug    ] decision_engine_stage_enter    intent=unknown stage=decision_engine team_size=0 topic=general trace_id=f3ba53b5adb3 urgency=medium
2026-04-02T22:26:23.905853Z [info     ] decision_start                 intent=unknown stage=decision_engine topic=general trace_id=f3ba53b5adb3
2026-04-02T22:26:23.907597Z [info     ] decision_complete              action=reject priority=medium reason='Score 15/100 [timeframe_specified(+15)]. Insufficient information to process this request. Please provide intent, topic, timeframe, and team size.' score=15 stage=decision_engine trace_id=f3ba53b5adb3
2026-04-02T22:26:23.909721Z [debug    ] decision_engine_stage_exit     duration_ms=0.0 stage=decision_engine status=success trace_id=f3ba53b5adb3
2026-04-02T22:26:23.911249Z [info     ] pipeline_complete              action=reject priority=medium score=15 stage=decision_engine trace_id=f3ba53b5adb3
---------------------------- Captured stderr call -----------------------------
\rBatches:   0%|          | 0/1 [00:00<?, ?it/s]\rBatches: 100%|\u2588\u2588\u2588\u2588\u2588\u2588\u2588\u2588\u2588\u2588| 1/1 [00:00<00:00,  2.79it/s]\rBatches: 100%|\u2588\u2588\u2588\u2588\u2588\u2588\u2588\u2588\u2588\u2588| 1/1 [00:00<00:00,  2.79it/s]
------------------------------ Captured log call ------------------------------
INFO     parseforge.pipeline.orchestrator:orchestrator.py:79 {'trace_id': 'f3ba53b5adb3', 'skip_enrichment': False, 'event': 'pipeline_start', 'stage': 'input', 'level': 'info', 'timestamp': '2026-04-02T22:26:23.487786Z'}
DEBUG    parseforge.pipeline.orchestrator:orchestrator.py:211 {'raw_length': 43, 'event': 'input_stage_enter', 'trace_id': 'f3ba53b5adb3', 'stage': 'input', 'level': 'debug', 'timestamp': '2026-04-02T22:26:23.489455Z'}
INFO     parseforge.layers.input_layer:input_layer.py:67 {'length': 43, 'event': 'input_accepted', 'trace_id': 'f3ba53b5adb3', 'stage': 'input', 'level': 'info', 'timestamp': '2026-04-02T22:26:23.490665Z'}
DEBUG    parseforge.pipeline.orchestrator:orchestrator.py:238 {'status': 'success', 'duration_ms': 0.0, 'event': 'input_stage_exit', 'trace_id': 'f3ba53b5adb3', 'stage': 'input', 'level': 'debug', 'timestamp': '2026-04-02T22:26:23.491934Z'}
DEBUG    parseforge.pipeline.orchestrator:orchestrator.py:211 {'input': 'Find me 0 people for a project this weekend', 'event': 'parser_stage_enter', 'trace_id': 'f3ba53b5adb3', 'stage': 'parser', 'level': 'debug', 'timestamp': '2026-04-02T22:26:23.493274Z'}
INFO     parseforge.layers.parser:parser.py:402 {'input_length': 43, 'event': 'parser_start', 'trace_id': 'f3ba53b5adb3', 'stage': 'parser', 'level': 'info', 'timestamp': '2026-04-02T22:26:23.494463Z'}
DEBUG    parseforge.layers.parser:parser.py:410 {'event': 'attempting_ml_parse', 'trace_id': 'f3ba53b5adb3', 'stage': 'parser', 'level': 'debug', 'timestamp': '2026-04-02T22:26:23.495538Z'}
INFO     parseforge.layers.parser:parser.py:444 {'intent': <IntentEnum.unknown: 'unknown'>, 'team_size': 0, 'topic': 'general', 'timeframe': 'this weekend', 'confidence': 0.26102010107105594, 'method': 'local_ml', 'event': 'parser_complete', 'trace_id': 'f3ba53b5adb3', 'stage': 'parser', 'level': 'info', 'timestamp': '2026-04-02T22:26:23.888319Z'}
DEBUG    parseforge.pipeline.orchestrator:orchestrator.py:238 {'status': 'success', 'duration_ms': 0.0, 'event': 'parser_stage_exit', 'trace_id': 'f3ba53b5adb3', 'stage': 'parser', 'level': 'debug', 'timestamp': '2026-04-02T22:26:23.890637Z'}
DEBUG    parseforge.pipeline.orchestrator:orchestrator.py:211 {'intent': 'unknown', 'team_size': 0, 'event': 'validator_stage_enter', 'trace_id': 'f3ba53b5adb3', 'stage': 'validator', 'level': 'debug', 'timestamp': '2026-04-02T22:26:23.891896Z'}
INFO     parseforge.layers.validator:validator.py:49 {'intent': 'unknown', 'team_size': 0, 'event': 'validation_start', 'trace_id': 'f3ba53b5adb3', 'stage': 'validator', 'level': 'info', 'timestamp': '2026-04-02T22:26:23.893053Z'}
INFO     parseforge.layers.validator:validator.py:108 {'reason': 'unknown_intent_and_topic', 'event': 'validation_needs_clarification', 'trace_id': 'f3ba53b5adb3', 'stage': 'validator', 'level': 'info', 'timestamp': '2026-04-02T22:26:23.894294Z'}
DEBUG    parseforge.pipeline.orchestrator:orchestrator.py:238 {'status': 'success', 'duration_ms': 0.0, 'event': 'validator_stage_exit', 'trace_id': 'f3ba53b5adb3', 'stage': 'validator', 'level': 'debug', 'timestamp': '2026-04-02T22:26:23.895594Z'}
DEBUG    parseforge.pipeline.orchestrator:orchestrator.py:211 {'timeframe': 'this weekend', 'urgency': 'medium', 'event': 'enricher_stage_enter', 'trace_id': 'f3ba53b5adb3', 'stage': 'enricher', 'level': 'debug', 'timestamp': '2026-04-02T22:26:23.897063Z'}
INFO     parseforge.layers.enricher:enricher.py:48 {'topic': 'general', 'urgency': 'medium', 'event': 'enrichment_start', 'trace_id': 'f3ba53b5adb3', 'stage': 'enricher', 'level': 'info', 'timestamp': '2026-04-02T22:26:23.898313Z'}
INFO     parseforge.layers.enricher:enricher.py:95 {'enrichments': ['metadata', 'timeframe_normalized'], 'request_id': 'd31c3976-6439-49ab-a3b8-795e8fc72866', 'urgency': 'medium', 'event': 'enrichment_complete', 'trace_id': 'f3ba53b5adb3', 'stage': 'enricher', 'level': 'info', 'timestamp': '2026-04-02T22:26:23.899591Z'}
DEBUG    parseforge.pipeline.orchestrator:orchestrator.py:238 {'status': 'success', 'duration_ms': 0.0, 'event': 'enricher_stage_exit', 'trace_id': 'f3ba53b5adb3', 'stage': 'enricher', 'level': 'debug', 'timestamp': '2026-04-02T22:26:23.901609Z'}
DEBUG    parseforge.pipeline.orchestrator:orchestrator.py:211 {'intent': 'unknown', 'topic': 'general', 'urgency': 'medium', 'team_size': 0, 'event': 'decision_engine_stage_enter', 'trace_id': 'f3ba53b5adb3', 'stage': 'decision_engine', 'level': 'debug', 'timestamp': '2026-04-02T22:26:23.903845Z'}
INFO     parseforge.layers.decision_engine:decision_engine.py:60 {'intent': 'unknown', 'topic': 'general', 'event': 'decision_start', 'trace_id': 'f3ba53b5adb3', 'stage': 'decision_engine', 'level': 'info', 'timestamp': '2026-04-02T22:26:23.905853Z'}
INFO     parseforge.layers.decision_engine:decision_engine.py:75 {'action': <ActionEnum.reject: 'reject'>, 'priority': <PriorityEnum.medium: 'medium'>, 'score': 15, 'reason': 'Score 15/100 [timeframe_specified(+15)]. Insufficient information to process this request. Please provide intent, topic, timeframe, and team size.', 'event': 'decision_complete', 'trace_id': 'f3ba53b5adb3', 'stage': 'decision_engine', 'level': 'info', 'timestamp': '2026-04-02T22:26:23.907597Z'}
DEBUG    parseforge.pipeline.orchestrator:orchestrator.py:238 {'status': 'success', 'duration_ms': 0.0, 'event': 'decision_engine_stage_exit', 'trace_id': 'f3ba53b5adb3', 'stage': 'decision_engine', 'level': 'debug', 'timestamp': '2026-04-02T22:26:23.909721Z'}
INFO     parseforge.pipeline.orchestrator:orchestrator.py:184 {'action': 'reject', 'priority': 'medium', 'score': 15, 'event': 'pipeline_complete', 'trace_id': 'f3ba53b5adb3', 'stage': 'decision_engine', 'level': 'info', 'timestamp': '2026-04-02T22:26:23.911249Z'}
_______________ TestFixtureBatch.test_happy_path_fixtures_match _______________

self = <tests.test_orchestrator.TestFixtureBatch object at 0x00000186C9645F30>

    def test_happy_path_fixtures_match(self):
        """All fixtures marked 'match' should produce action=match or queue."""
        cases = load_fixtures()
        match_cases = [c for c in cases if c.get("expected_action") == "match"]
        for case in match_cases:
            result = run(case["input"])
            action = result.decision["action"] if result.decision else "error"
>           assert action in ("match", "queue"), (
                f"Expected match/queue for: {case['input']!r}\n"
                f"  Got: {action}\n"
                f"  Description: {case.get('description', '?')}"
            )
E           AssertionError: Expected match/queue for: 'Find me 0 people for a project'
E               Got: reject
E               Description: Edge case: team_size=0 ù auto-corrected to 1
E           assert 'reject' in ('match', 'queue')

tests\test_orchestrator.py:180: AssertionError
---------------------------- Captured stdout call -----------------------------
2026-04-02T22:26:58.146216Z [info     ] pipeline_start                 skip_enrichment=False stage=decision_engine trace_id=e781ea099420
2026-04-02T22:26:58.148324Z [debug    ] input_stage_enter              raw_length=52 stage=input trace_id=e781ea099420
2026-04-02T22:26:58.150127Z [info     ] input_accepted                 length=52 stage=input trace_id=e781ea099420
2026-04-02T22:26:58.151554Z [debug    ] input_stage_exit               duration_ms=0.0 stage=input status=success trace_id=e781ea099420
2026-04-02T22:26:58.153008Z [debug    ] parser_stage_enter             input='Find me 2 people for a robotics project this weekend' stage=parser trace_id=e781ea099420
2026-04-02T22:26:58.154319Z [info     ] parser_start                   input_length=52 stage=parser trace_id=e781ea099420
2026-04-02T22:26:58.155538Z [debug    ] attempting_ml_parse            stage=parser trace_id=e781ea099420
2026-04-02T22:26:58.762196Z [info     ] parser_complete                confidence=0.46633240041479795 intent=unknown method=local_ml stage=parser team_size=2 timeframe='this weekend' topic=robotics trace_id=e781ea099420
2026-04-02T22:26:58.765165Z [debug    ] parser_stage_exit              duration_ms=0.0 stage=parser status=success trace_id=e781ea099420
2026-04-02T22:26:58.766980Z [debug    ] validator_stage_enter          intent=unknown stage=validator team_size=2 trace_id=e781ea099420
2026-04-02T22:26:58.769285Z [info     ] validation_start               intent=unknown stage=validator team_size=2 trace_id=e781ea099420
2026-04-02T22:26:58.770691Z [info     ] validation_complete            corrections_count=0 stage=validator status=valid trace_id=e781ea099420 warnings_count=0
2026-04-02T22:26:58.772585Z [debug    ] validator_stage_exit           duration_ms=0.0 stage=validator status=success trace_id=e781ea099420
2026-04-02T22:26:58.773945Z [debug    ] enricher_stage_enter           stage=enricher timeframe='this weekend' trace_id=e781ea099420 urgency=medium
2026-04-02T22:26:58.775247Z [info     ] enrichment_start               stage=enricher topic=robotics trace_id=e781ea099420 urgency=medium
2026-04-02T22:26:58.776724Z [info     ] enrichment_complete            enrichments=['metadata', 'timeframe_normalized'] request_id=d2022708-d31c-4c77-9ab3-f4ed59ad778b stage=enricher trace_id=e781ea099420 urgency=medium
2026-04-02T22:26:58.778374Z [debug    ] enricher_stage_exit            duration_ms=0.0 stage=enricher status=success trace_id=e781ea099420
2026-04-02T22:26:58.780887Z [debug    ] decision_engine_stage_enter    intent=unknown stage=decision_engine team_size=2 topic=robotics trace_id=e781ea099420 urgency=medium
2026-04-02T22:26:58.782584Z [info     ] decision_start                 intent=unknown stage=decision_engine topic=robotics trace_id=e781ea099420
2026-04-02T22:26:58.784110Z [info     ] decision_complete              action=queue priority=medium reason='Score 60/100 [specific_topic(+20), valid_team_size(+20), timeframe_specified(+15), clean_validation(+5)]. Request has enough data to queue but not immediately actionable.' score=60 stage=decision_engine trace_id=e781ea099420
2026-04-02T22:26:58.785886Z [debug    ] decision_engine_stage_exit     duration_ms=0.0 stage=decision_engine status=success trace_id=e781ea099420
2026-04-02T22:26:58.787502Z [info     ] pipeline_complete              action=queue priority=medium score=60 stage=decision_engine trace_id=e781ea099420
2026-04-02T22:26:58.789435Z [info     ] pipeline_start                 skip_enrichment=False stage=decision_engine trace_id=9f6b32d134da
2026-04-02T22:26:58.790902Z [debug    ] input_stage_enter              raw_length=34 stage=input trace_id=9f6b32d134da
2026-04-02T22:26:58.792272Z [info     ] input_accepted                 length=34 stage=input trace_id=9f6b32d134da
2026-04-02T22:26:58.793757Z [debug    ] input_stage_exit               duration_ms=0.0 stage=input status=success trace_id=9f6b32d134da
2026-04-02T22:26:58.795282Z [debug    ] parser_stage_enter             input='I need help with calculus tomorrow' stage=parser trace_id=9f6b32d134da
2026-04-02T22:26:58.797653Z [info     ] parser_start                   input_length=34 stage=parser trace_id=9f6b32d134da
2026-04-02T22:26:58.798981Z [debug    ] attempting_ml_parse            stage=parser trace_id=9f6b32d134da
2026-04-02T22:26:59.258625Z [info     ] parser_complete                confidence=0.6824492480188984 intent=help method=local_ml stage=parser team_size=0 timeframe=tomorrow topic=calculus trace_id=9f6b32d134da
2026-04-02T22:26:59.260982Z [debug    ] parser_stage_exit              duration_ms=0.0 stage=parser status=success trace_id=9f6b32d134da
2026-04-02T22:26:59.262318Z [debug    ] validator_stage_enter          intent=help stage=validator team_size=0 trace_id=9f6b32d134da
2026-04-02T22:26:59.263750Z [info     ] validation_start               intent=help stage=validator team_size=0 trace_id=9f6b32d134da
2026-04-02T22:26:59.265001Z [info     ] auto_correction                correction='set to 1 (was unspecified)' field=team_size stage=validator trace_id=9f6b32d134da
2026-04-02T22:26:59.266185Z [info     ] validation_complete            corrections_count=1 stage=validator status=auto_corrected trace_id=9f6b32d134da warnings_count=1
2026-04-02T22:26:59.267600Z [debug    ] validator_stage_exit           duration_ms=0.0 stage=validator status=success trace_id=9f6b32d134da
2026-04-02T22:26:59.268732Z [debug    ] enricher_stage_enter           stage=enricher timeframe=tomorrow trace_id=9f6b32d134da urgency=medium
2026-04-02T22:26:59.269821Z [info     ] enrichment_start               stage=enricher topic=calculus trace_id=9f6b32d134da urgency=medium
2026-04-02T22:26:59.271033Z [info     ] enrichment_complete            enrichments=['metadata', 'timeframe_normalized'] request_id=3b2b97eb-74ef-4384-9aea-02058aa184af stage=enricher trace_id=9f6b32d134da urgency=medium
2026-04-02T22:26:59.272380Z [debug    ] enricher_stage_exit            duration_ms=0.0 stage=enricher status=success trace_id=9f6b32d134da
2026-04-02T22:26:59.273466Z [debug    ] decision_engine_stage_enter    intent=help stage=decision_engine team_size=1 topic=calculus trace_id=9f6b32d134da urgency=medium
2026-04-02T22:26:59.274751Z [info     ] decision_start                 intent=help stage=decision_engine topic=calculus trace_id=9f6b32d134da
2026-04-02T22:26:59.275877Z [info     ] decision_complete              action=match priority=medium reason="Score 85/100 [known_intent(+30), specific_topic(+20), valid_team_size(+20), timeframe_specified(+15)]. Request is well-defined ù routing to match engine for 'calculus'." score=85 stage=decision_engine trace_id=9f6b32d134da
2026-04-02T22:26:59.277491Z [debug    ] decision_engine_stage_exit     duration_ms=0.0 stage=decision_engine status=success trace_id=9f6b32d134da
2026-04-02T22:26:59.278926Z [info     ] pipeline_complete              action=match priority=medium score=85 stage=decision_engine trace_id=9f6b32d134da
2026-04-02T22:26:59.280292Z [info     ] pipeline_start                 skip_enrichment=False stage=decision_engine trace_id=7db21ac3dda8
2026-04-02T22:26:59.281292Z [debug    ] input_stage_enter              raw_length=59 stage=input trace_id=7db21ac3dda8
2026-04-02T22:26:59.282286Z [info     ] input_accepted                 length=59 stage=input trace_id=7db21ac3dda8
2026-04-02T22:26:59.283771Z [debug    ] input_stage_exit               duration_ms=0.0 stage=input status=success trace_id=7db21ac3dda8
2026-04-02T22:26:59.285233Z [debug    ] parser_stage_enter             input='Need a team of 5 for a machine learning hackathon next week' stage=parser trace_id=7db21ac3dda8
2026-04-02T22:26:59.290876Z [info     ] parser_start                   input_length=59 stage=parser trace_id=7db21ac3dda8
2026-04-02T22:26:59.293067Z [debug    ] attempting_ml_parse            stage=parser trace_id=7db21ac3dda8
2026-04-02T22:26:59.773440Z [info     ] parser_complete                confidence=0.4954636572963389 intent=unknown method=local_ml stage=parser team_size=5 timeframe='next week' topic=hackathon trace_id=7db21ac3dda8
2026-04-02T22:26:59.775808Z [debug    ] parser_stage_exit              duration_ms=0.0 stage=parser status=success trace_id=7db21ac3dda8
2026-04-02T22:26:59.777231Z [debug    ] validator_stage_enter          intent=unknown stage=validator team_size=5 trace_id=7db21ac3dda8
2026-04-02T22:26:59.778575Z [info     ] validation_start               intent=unknown stage=validator team_size=5 trace_id=7db21ac3dda8
2026-04-02T22:26:59.780511Z [info     ] validation_complete            corrections_count=0 stage=validator status=valid trace_id=7db21ac3dda8 warnings_count=0
2026-04-02T22:26:59.783221Z [debug    ] validator_stage_exit           duration_ms=0.0 stage=validator status=success trace_id=7db21ac3dda8
2026-04-02T22:26:59.784705Z [debug    ] enricher_stage_enter           stage=enricher timeframe='next week' trace_id=7db21ac3dda8 urgency=medium
2026-04-02T22:26:59.786038Z [info     ] enrichment_start               stage=enricher topic=hackathon trace_id=7db21ac3dda8 urgency=medium
2026-04-02T22:26:59.787754Z [info     ] enrichment_complete            enrichments=['metadata', 'timeframe_normalized'] request_id=76253b40-4919-4422-9f53-5e1169b61f0b stage=enricher trace_id=7db21ac3dda8 urgency=medium
2026-04-02T22:26:59.790041Z [debug    ] enricher_stage_exit            duration_ms=0.0 stage=enricher status=success trace_id=7db21ac3dda8
2026-04-02T22:26:59.791715Z [debug    ] decision_engine_stage_enter    intent=unknown stage=decision_engine team_size=5 topic=hackathon trace_id=7db21ac3dda8 urgency=medium
2026-04-02T22:26:59.793490Z [info     ] decision_start                 intent=unknown stage=decision_engine topic=hackathon trace_id=7db21ac3dda8
2026-04-02T22:26:59.794956Z [info     ] decision_complete              action=queue priority=medium reason='Score 60/100 [specific_topic(+20), valid_team_size(+20), timeframe_specified(+15), clean_validation(+5)]. Request has enough data to queue but not immediately actionable.' score=60 stage=decision_engine trace_id=7db21ac3dda8
2026-04-02T22:26:59.796748Z [debug    ] decision_engine_stage_exit     duration_ms=0.0 stage=decision_engine status=success trace_id=7db21ac3dda8
2026-04-02T22:26:59.798654Z [info     ] pipeline_complete              action=queue priority=medium score=60 stage=decision_engine trace_id=7db21ac3dda8
2026-04-02T22:26:59.800657Z [info     ] pipeline_start                 skip_enrichment=False stage=decision_engine trace_id=496991b63cbb
2026-04-02T22:26:59.801971Z [debug    ] input_stage_enter              raw_length=47 stage=input trace_id=496991b63cbb
2026-04-02T22:26:59.803899Z [info     ] input_accepted                 length=47 stage=input trace_id=496991b63cbb
2026-04-02T22:26:59.805472Z [debug    ] input_stage_exit               duration_ms=0.0 stage=input status=success trace_id=496991b63cbb
2026-04-02T22:26:59.807069Z [debug    ] parser_stage_enter             input='ASAP I need 3 developers for my fintech startup' stage=parser trace_id=496991b63cbb
2026-04-02T22:26:59.808440Z [info     ] parser_start                   input_length=47 stage=parser trace_id=496991b63cbb
2026-04-02T22:26:59.809621Z [debug    ] attempting_ml_parse            stage=parser trace_id=496991b63cbb
2026-04-02T22:27:00.300054Z [info     ] parser_complete                confidence=0.5851139423521039 intent=unknown method=local_ml stage=parser team_size=3 timeframe=ASAP topic=startup trace_id=496991b63cbb
2026-04-02T22:27:00.302475Z [debug    ] parser_stage_exit              duration_ms=0.0 stage=parser status=success trace_id=496991b63cbb
2026-04-02T22:27:00.303842Z [debug    ] validator_stage_enter          intent=unknown stage=validator team_size=3 trace_id=496991b63cbb
2026-04-02T22:27:00.305113Z [info     ] validation_start               intent=unknown stage=validator team_size=3 trace_id=496991b63cbb
2026-04-02T22:27:00.306458Z [info     ] validation_complete            corrections_count=0 stage=validator status=valid trace_id=496991b63cbb warnings_count=0
2026-04-02T22:27:00.308150Z [debug    ] validator_stage_exit           duration_ms=0.0 stage=validator status=success trace_id=496991b63cbb
2026-04-02T22:27:00.309553Z [debug    ] enricher_stage_enter           stage=enricher timeframe=ASAP trace_id=496991b63cbb urgency=high
2026-04-02T22:27:00.311010Z [info     ] enrichment_start               stage=enricher topic=startup trace_id=496991b63cbb urgency=high
2026-04-02T22:27:00.313237Z [info     ] enrichment_complete            enrichments=['metadata', 'timeframe_normalized'] request_id=d157c60d-f8a3-400d-83dd-ef42ef4a1aa3 stage=enricher trace_id=496991b63cbb urgency=high
2026-04-02T22:27:00.316120Z [debug    ] enricher_stage_exit            duration_ms=0.0 stage=enricher status=success trace_id=496991b63cbb
2026-04-02T22:27:00.317870Z [debug    ] decision_engine_stage_enter    intent=unknown stage=decision_engine team_size=3 topic=startup trace_id=496991b63cbb urgency=high
2026-04-02T22:27:00.319495Z [info     ] decision_start                 intent=unknown stage=decision_engine topic=startup trace_id=496991b63cbb
2026-04-02T22:27:00.320803Z [info     ] decision_complete              action=match priority=critical reason="Score 70/100 [specific_topic(+20), valid_team_size(+20), timeframe_specified(+15), high_urgency_bonus(+10), clean_validation(+5)]. Request is well-defined ù routing to match engine for 'startup'." score=70 stage=decision_engine trace_id=496991b63cbb
2026-04-02T22:27:00.322611Z [debug    ] decision_engine_stage_exit     duration_ms=0.0 stage=decision_engine status=success trace_id=496991b63cbb
2026-04-02T22:27:00.323824Z [info     ] pipeline_complete              action=match priority=critical score=70 stage=decision_engine trace_id=496991b63cbb
2026-04-02T22:27:00.326376Z [info     ] pipeline_start                 skip_enrichment=False stage=decision_engine trace_id=f9b18d78c263
2026-04-02T22:27:00.328162Z [debug    ] input_stage_enter              raw_length=39 stage=input trace_id=f9b18d78c263
2026-04-02T22:27:00.329507Z [info     ] input_accepted                 length=39 stage=input trace_id=f9b18d78c263
2026-04-02T22:27:00.331573Z [debug    ] input_stage_exit               duration_ms=0.0 stage=input status=success trace_id=f9b18d78c263
2026-04-02T22:27:00.333048Z [debug    ] parser_stage_enter             input='Schedule a team meeting for next Monday' stage=parser trace_id=f9b18d78c263
2026-04-02T22:27:00.334299Z [info     ] parser_start                   input_length=39 stage=parser trace_id=f9b18d78c263
2026-04-02T22:27:00.335494Z [debug    ] attempting_ml_parse            stage=parser trace_id=f9b18d78c263
2026-04-02T22:27:00.855515Z [info     ] parser_complete                confidence=0.5698954733586612 intent=unknown method=local_ml stage=parser team_size=0 timeframe={1} topic=monday trace_id=f9b18d78c263
2026-04-02T22:27:00.858040Z [debug    ] parser_stage_exit              duration_ms=0.0 stage=parser status=success trace_id=f9b18d78c263
2026-04-02T22:27:00.859922Z [debug    ] validator_stage_enter          intent=unknown stage=validator team_size=0 trace_id=f9b18d78c263
2026-04-02T22:27:00.861848Z [info     ] validation_start               intent=unknown stage=validator team_size=0 trace_id=f9b18d78c263
2026-04-02T22:27:00.863824Z [info     ] auto_correction                correction='set to 1 (was unspecified)' field=team_size stage=validator trace_id=f9b18d78c263
2026-04-02T22:27:00.865203Z [info     ] validation_complete            corrections_count=1 stage=validator status=auto_corrected trace_id=f9b18d78c263 warnings_count=1
2026-04-02T22:27:00.867135Z [debug    ] validator_stage_exit           duration_ms=0.0 stage=validator status=success trace_id=f9b18d78c263
2026-04-02T22:27:00.868709Z [debug    ] enricher_stage_enter           stage=enricher timeframe={1} trace_id=f9b18d78c263 urgency=medium
2026-04-02T22:27:00.870179Z [info     ] enrichment_start               stage=enricher topic=monday trace_id=f9b18d78c263 urgency=medium
2026-04-02T22:27:00.871441Z [info     ] enrichment_complete            enrichments=['metadata', 'timeframe_normalized'] request_id=85df49c5-ee8d-4c35-a995-a5c9b7b2751f stage=enricher trace_id=f9b18d78c263 urgency=medium
2026-04-02T22:27:00.873042Z [debug    ] enricher_stage_exit            duration_ms=0.0 stage=enricher status=success trace_id=f9b18d78c263
2026-04-02T22:27:00.874284Z [debug    ] decision_engine_stage_enter    intent=unknown stage=decision_engine team_size=1 topic=monday trace_id=f9b18d78c263 urgency=medium
2026-04-02T22:27:00.875712Z [info     ] decision_start                 intent=unknown stage=decision_engine topic=monday trace_id=f9b18d78c263
2026-04-02T22:27:00.877324Z [info     ] decision_complete              action=queue priority=medium reason='Score 55/100 [specific_topic(+20), valid_team_size(+20), timeframe_specified(+15)]. Request has enough data to queue but not immediately actionable.' score=55 stage=decision_engine trace_id=f9b18d78c263
2026-04-02T22:27:00.879189Z [debug    ] decision_engine_stage_exit     duration_ms=0.0 stage=decision_engine status=success trace_id=f9b18d78c263
2026-04-02T22:27:00.881104Z [info     ] pipeline_complete              action=queue priority=medium score=55 stage=decision_engine trace_id=f9b18d78c263
2026-04-02T22:27:00.882940Z [info     ] pipeline_start                 skip_enrichment=False stage=decision_engine trace_id=4728da53512e
2026-04-02T22:27:00.884187Z [debug    ] input_stage_enter              raw_length=65 stage=input trace_id=4728da53512e
2026-04-02T22:27:00.885423Z [info     ] input_accepted                 length=65 stage=input trace_id=4728da53512e
2026-04-02T22:27:00.887060Z [debug    ] input_stage_exit               duration_ms=0.0 stage=input status=success trace_id=4728da53512e
2026-04-02T22:27:00.888396Z [debug    ] parser_stage_enter             input='I want to find 4 people for a biology research project this month' stage=parser trace_id=4728da53512e
2026-04-02T22:27:00.889912Z [info     ] parser_start                   input_length=65 stage=parser trace_id=4728da53512e
2026-04-02T22:27:00.891102Z [debug    ] attempting_ml_parse            stage=parser trace_id=4728da53512e
2026-04-02T22:27:01.472266Z [info     ] parser_complete                confidence=0.22812354500060472 intent=unknown method=local_ml stage=parser team_size=4 timeframe='this month' topic=biology trace_id=4728da53512e
2026-04-02T22:27:01.474677Z [debug    ] parser_stage_exit              duration_ms=0.0 stage=parser status=success trace_id=4728da53512e
2026-04-02T22:27:01.475983Z [debug    ] validator_stage_enter          intent=unknown stage=validator team_size=4 trace_id=4728da53512e
2026-04-02T22:27:01.477142Z [info     ] validation_start               intent=unknown stage=validator team_size=4 trace_id=4728da53512e
2026-04-02T22:27:01.478391Z [info     ] validation_complete            corrections_count=0 stage=validator status=valid trace_id=4728da53512e warnings_count=0
2026-04-02T22:27:01.480528Z [debug    ] validator_stage_exit           duration_ms=0.0 stage=validator status=success trace_id=4728da53512e
2026-04-02T22:27:01.482142Z [debug    ] enricher_stage_enter           stage=enricher timeframe='this month' trace_id=4728da53512e urgency=medium
2026-04-02T22:27:01.483674Z [info     ] enrichment_start               stage=enricher topic=biology trace_id=4728da53512e urgency=medium
2026-04-02T22:27:01.485074Z [info     ] urgency_inferred               new=low old=medium stage=enricher trace_id=4728da53512e trigger=timeframe
2026-04-02T22:27:01.486466Z [info     ] enrichment_complete            enrichments=['metadata', 'urgency_inferred', 'timeframe_normalized'] request_id=6079fcda-090b-4f2f-80f2-6bf8ae42926b stage=enricher trace_id=4728da53512e urgency=low
2026-04-02T22:27:01.488384Z [debug    ] enricher_stage_exit            duration_ms=0.0 stage=enricher status=success trace_id=4728da53512e
2026-04-02T22:27:01.490006Z [debug    ] decision_engine_stage_enter    intent=unknown stage=decision_engine team_size=4 topic=biology trace_id=4728da53512e urgency=low
2026-04-02T22:27:01.491586Z [info     ] decision_start                 intent=unknown stage=decision_engine topic=biology trace_id=4728da53512e
2026-04-02T22:27:01.493128Z [info     ] decision_complete              action=queue priority=low reason='Score 60/100 [specific_topic(+20), valid_team_size(+20), timeframe_specified(+15), clean_validation(+5)]. Request has enough data to queue but not immediately actionable.' score=60 stage=decision_engine trace_id=4728da53512e
2026-04-02T22:27:01.495062Z [debug    ] decision_engine_stage_exit     duration_ms=0.0 stage=decision_engine status=success trace_id=4728da53512e
2026-04-02T22:27:01.496489Z [info     ] pipeline_complete              action=queue priority=low score=60 stage=decision_engine trace_id=4728da53512e
2026-04-02T22:27:01.498169Z [info     ] pipeline_start                 skip_enrichment=False stage=decision_engine trace_id=9c224970251f
2026-04-02T22:27:01.499283Z [debug    ] input_stage_enter              raw_length=30 stage=input trace_id=9c224970251f
2026-04-02T22:27:01.500329Z [info     ] input_accepted                 length=30 stage=input trace_id=9c224970251f
2026-04-02T22:27:01.501359Z [debug    ] input_stage_exit               duration_ms=0.0 stage=input status=success trace_id=9c224970251f
2026-04-02T22:27:01.502505Z [debug    ] parser_stage_enter             input='Find me 0 people for a project' stage=parser trace_id=9c224970251f
2026-04-02T22:27:01.503504Z [info     ] parser_start                   input_length=30 stage=parser trace_id=9c224970251f
2026-04-02T22:27:01.504498Z [debug    ] attempting_ml_parse            stage=parser trace_id=9c224970251f
2026-04-02T22:27:02.129748Z [info     ] parser_complete                confidence=0.28490593916534906 intent=unknown method=local_ml stage=parser team_size=0 timeframe=unspecified topic=general trace_id=9c224970251f
2026-04-02T22:27:02.132704Z [debug    ] parser_stage_exit              duration_ms=0.0 stage=parser status=success trace_id=9c224970251f
2026-04-02T22:27:02.134255Z [debug    ] validator_stage_enter          intent=unknown stage=validator team_size=0 trace_id=9c224970251f
2026-04-02T22:27:02.135688Z [info     ] validation_start               intent=unknown stage=validator team_size=0 trace_id=9c224970251f
2026-04-02T22:27:02.137631Z [info     ] validation_needs_clarification reason=unknown_intent_and_topic stage=validator trace_id=9c224970251f
2026-04-02T22:27:02.139761Z [debug    ] validator_stage_exit           duration_ms=0.0 stage=validator status=success trace_id=9c224970251f
2026-04-02T22:27:02.141210Z [debug    ] enricher_stage_enter           stage=enricher timeframe=unspecified trace_id=9c224970251f urgency=medium
2026-04-02T22:27:02.142930Z [info     ] enrichment_start               stage=enricher topic=general trace_id=9c224970251f urgency=medium
2026-04-02T22:27:02.144379Z [info     ] enrichment_complete            enrichments=['metadata', 'timeframe_normalized'] request_id=e05299f5-7755-4c1d-baf8-ad52b358c194 stage=enricher trace_id=9c224970251f urgency=medium
2026-04-02T22:27:02.146117Z [debug    ] enricher_stage_exit            duration_ms=0.0 stage=enricher status=success trace_id=9c224970251f
2026-04-02T22:27:02.147760Z [debug    ] decision_engine_stage_enter    intent=unknown stage=decision_engine team_size=0 topic=general trace_id=9c224970251f urgency=medium
2026-04-02T22:27:02.149368Z [info     ] decision_start                 intent=unknown stage=decision_engine topic=general trace_id=9c224970251f
2026-04-02T22:27:02.150749Z [info     ] decision_complete              action=reject priority=medium reason='Score 0/100 []. Insufficient information to process this request. Please provide intent, topic, timeframe, and team size.' score=0 stage=decision_engine trace_id=9c224970251f
2026-04-02T22:27:02.152377Z [debug    ] decision_engine_stage_exit     duration_ms=0.0 stage=decision_engine status=success trace_id=9c224970251f
2026-04-02T22:27:02.153649Z [info     ] pipeline_complete              action=reject priority=medium score=0 stage=decision_engine trace_id=9c224970251f
---------------------------- Captured stderr call -----------------------------
\rBatches:   0%|          | 0/1 [00:00<?, ?it/s]\rBatches: 100%|\u2588\u2588\u2588\u2588\u2588\u2588\u2588\u2588\u2588\u2588| 1/1 [00:00<00:00,  1.75it/s]\rBatches: 100%|\u2588\u2588\u2588\u2588\u2588\u2588\u2588\u2588\u2588\u2588| 1/1 [00:00<00:00,  1.75it/s]\n\rBatches:   0%|          | 0/1 [00:00<?, ?it/s]\rBatches: 100%|\u2588\u2588\u2588\u2588\u2588\u2588\u2588\u2588\u2588\u2588| 1/1 [00:00<00:00,  2.35it/s]\rBatches: 100%|\u2588\u2588\u2588\u2588\u2588\u2588\u2588\u2588\u2588\u2588| 1/1 [00:00<00:00,  2.35it/s]\n\rBatches:   0%|          | 0/1 [00:00<?, ?it/s]\rBatches: 100%|\u2588\u2588\u2588\u2588\u2588\u2588\u2588\u2588\u2588\u2588| 1/1 [00:00<00:00,  2.24it/s]\rBatches: 100%|\u2588\u2588\u2588\u2588\u2588\u2588\u2588\u2588\u2588\u2588| 1/1 [00:00<00:00,  2.24it/s]\n\rBatches:   0%|          | 0/1 [00:00<?, ?it/s]\rBatches: 100%|\u2588\u2588\u2588\u2588\u2588\u2588\u2588\u2588\u2588\u2588| 1/1 [00:00<00:00,  2.22it/s]\rBatches: 100%|\u2588\u2588\u2588\u2588\u2588\u2588\u2588\u2588\u2588\u2588| 1/1 [00:00<00:00,  2.22it/s]\n\rBatches:   0%|          | 0/1 [00:00<?, ?it/s]\rBatches: 100%|\u2588\u2588\u2588\u2588\u2588\u2588\u2588\u2588\u2588\u2588| 1/1 [00:00<00:00,  2.07it/s]\rBatches: 100%|\u2588\u2588\u2588\u2588\u2588\u2588\u2588\u2588\u2588\u2588| 1/1 [00:00<00:00,  2.06it/s]\n\rBatches:   0%|          | 0/1 [00:00<?, ?it/s]\rBatches: 100%|\u2588\u2588\u2588\u2588\u2588\u2588\u2588\u2588\u2588\u2588| 1/1 [00:00<00:00,  1.82it/s]\rBatches: 100%|\u2588\u2588\u2588\u2588\u2588\u2588\u2588\u2588\u2588\u2588| 1/1 [00:00<00:00,  1.82it/s]\n\rBatches:   0%|          | 0/1 [00:00<?, ?it/s]\rBatches: 100%|\u2588\u2588\u2588\u2588\u2588\u2588\u2588\u2588\u2588\u2588| 1/1 [00:00<00:00,  1.70it/s]\rBatches: 100%|\u2588\u2588\u2588\u2588\u2588\u2588\u2588\u2588\u2588\u2588| 1/1 [00:00<00:00,  1.70it/s]
------------------------------ Captured log call ------------------------------
INFO     parseforge.pipeline.orchestrator:orchestrator.py:79 {'trace_id': 'e781ea099420', 'skip_enrichment': False, 'event': 'pipeline_start', 'stage': 'decision_engine', 'level': 'info', 'timestamp': '2026-04-02T22:26:58.146216Z'}
DEBUG    parseforge.pipeline.orchestrator:orchestrator.py:211 {'raw_length': 52, 'event': 'input_stage_enter', 'trace_id': 'e781ea099420', 'stage': 'input', 'level': 'debug', 'timestamp': '2026-04-02T22:26:58.148324Z'}
INFO     parseforge.layers.input_layer:input_layer.py:67 {'length': 52, 'event': 'input_accepted', 'trace_id': 'e781ea099420', 'stage': 'input', 'level': 'info', 'timestamp': '2026-04-02T22:26:58.150127Z'}
DEBUG    parseforge.pipeline.orchestrator:orchestrator.py:238 {'status': 'success', 'duration_ms': 0.0, 'event': 'input_stage_exit', 'trace_id': 'e781ea099420', 'stage': 'input', 'level': 'debug', 'timestamp': '2026-04-02T22:26:58.151554Z'}
DEBUG    parseforge.pipeline.orchestrator:orchestrator.py:211 {'input': 'Find me 2 people for a robotics project this weekend', 'event': 'parser_stage_enter', 'trace_id': 'e781ea099420', 'stage': 'parser', 'level': 'debug', 'timestamp': '2026-04-02T22:26:58.153008Z'}
INFO     parseforge.layers.parser:parser.py:402 {'input_length': 52, 'event': 'parser_start', 'trace_id': 'e781ea099420', 'stage': 'parser', 'level': 'info', 'timestamp': '2026-04-02T22:26:58.154319Z'}
DEBUG    parseforge.layers.parser:parser.py:410 {'event': 'attempting_ml_parse', 'trace_id': 'e781ea099420', 'stage': 'parser', 'level': 'debug', 'timestamp': '2026-04-02T22:26:58.155538Z'}
INFO     parseforge.layers.parser:parser.py:444 {'intent': <IntentEnum.unknown: 'unknown'>, 'team_size': 2, 'topic': 'robotics', 'timeframe': 'this weekend', 'confidence': 0.46633240041479795, 'method': 'local_ml', 'event': 'parser_complete', 'trace_id': 'e781ea099420', 'stage': 'parser', 'level': 'info', 'timestamp': '2026-04-02T22:26:58.762196Z'}
DEBUG    parseforge.pipeline.orchestrator:orchestrator.py:238 {'status': 'success', 'duration_ms': 0.0, 'event': 'parser_stage_exit', 'trace_id': 'e781ea099420', 'stage': 'parser', 'level': 'debug', 'timestamp': '2026-04-02T22:26:58.765165Z'}
DEBUG    parseforge.pipeline.orchestrator:orchestrator.py:211 {'intent': 'unknown', 'team_size': 2, 'event': 'validator_stage_enter', 'trace_id': 'e781ea099420', 'stage': 'validator', 'level': 'debug', 'timestamp': '2026-04-02T22:26:58.766980Z'}
INFO     parseforge.layers.validator:validator.py:49 {'intent': 'unknown', 'team_size': 2, 'event': 'validation_start', 'trace_id': 'e781ea099420', 'stage': 'validator', 'level': 'info', 'timestamp': '2026-04-02T22:26:58.769285Z'}
INFO     parseforge.layers.validator:validator.py:148 {'status': <ValidationStatus.valid: 'valid'>, 'warnings_count': 0, 'corrections_count': 0, 'event': 'validation_complete', 'trace_id': 'e781ea099420', 'stage': 'validator', 'level': 'info', 'timestamp': '2026-04-02T22:26:58.770691Z'}
DEBUG    parseforge.pipeline.orchestrator:orchestrator.py:238 {'status': 'success', 'duration_ms': 0.0, 'event': 'validator_stage_exit', 'trace_id': 'e781ea099420', 'stage': 'validator', 'level': 'debug', 'timestamp': '2026-04-02T22:26:58.772585Z'}
DEBUG    parseforge.pipeline.orchestrator:orchestrator.py:211 {'timeframe': 'this weekend', 'urgency': 'medium', 'event': 'enricher_stage_enter', 'trace_id': 'e781ea099420', 'stage': 'enricher', 'level': 'debug', 'timestamp': '2026-04-02T22:26:58.773945Z'}
INFO     parseforge.layers.enricher:enricher.py:48 {'topic': 'robotics', 'urgency': 'medium', 'event': 'enrichment_start', 'trace_id': 'e781ea099420', 'stage': 'enricher', 'level': 'info', 'timestamp': '2026-04-02T22:26:58.775247Z'}
INFO     parseforge.layers.enricher:enricher.py:95 {'enrichments': ['metadata', 'timeframe_normalized'], 'request_id': 'd2022708-d31c-4c77-9ab3-f4ed59ad778b', 'urgency': 'medium', 'event': 'enrichment_complete', 'trace_id': 'e781ea099420', 'stage': 'enricher', 'level': 'info', 'timestamp': '2026-04-02T22:26:58.776724Z'}
DEBUG    parseforge.pipeline.orchestrator:orchestrator.py:238 {'status': 'success', 'duration_ms': 0.0, 'event': 'enricher_stage_exit', 'trace_id': 'e781ea099420', 'stage': 'enricher', 'level': 'debug', 'timestamp': '2026-04-02T22:26:58.778374Z'}
DEBUG    parseforge.pipeline.orchestrator:orchestrator.py:211 {'intent': 'unknown', 'topic': 'robotics', 'urgency': 'medium', 'team_size': 2, 'event': 'decision_engine_stage_enter', 'trace_id': 'e781ea099420', 'stage': 'decision_engine', 'level': 'debug', 'timestamp': '2026-04-02T22:26:58.780887Z'}
INFO     parseforge.layers.decision_engine:decision_engine.py:60 {'intent': 'unknown', 'topic': 'robotics', 'event': 'decision_start', 'trace_id': 'e781ea099420', 'stage': 'decision_engine', 'level': 'info', 'timestamp': '2026-04-02T22:26:58.782584Z'}
INFO     parseforge.layers.decision_engine:decision_engine.py:75 {'action': <ActionEnum.queue: 'queue'>, 'priority': <PriorityEnum.medium: 'medium'>, 'score': 60, 'reason': 'Score 60/100 [specific_topic(+20), valid_team_size(+20), timeframe_specified(+15), clean_validation(+5)]. Request has enough data to queue but not immediately actionable.', 'event': 'decision_complete', 'trace_id': 'e781ea099420', 'stage': 'decision_engine', 'level': 'info', 'timestamp': '2026-04-02T22:26:58.784110Z'}
DEBUG    parseforge.pipeline.orchestrator:orchestrator.py:238 {'status': 'success', 'duration_ms': 0.0, 'event': 'decision_engine_stage_exit', 'trace_id': 'e781ea099420', 'stage': 'decision_engine', 'level': 'debug', 'timestamp': '2026-04-02T22:26:58.785886Z'}
INFO     parseforge.pipeline.orchestrator:orchestrator.py:184 {'action': 'queue', 'priority': 'medium', 'score': 60, 'event': 'pipeline_complete', 'trace_id': 'e781ea099420', 'stage': 'decision_engine', 'level': 'info', 'timestamp': '2026-04-02T22:26:58.787502Z'}
INFO     parseforge.pipeline.orchestrator:orchestrator.py:79 {'trace_id': '9f6b32d134da', 'skip_enrichment': False, 'event': 'pipeline_start', 'stage': 'decision_engine', 'level': 'info', 'timestamp': '2026-04-02T22:26:58.789435Z'}
DEBUG    parseforge.pipeline.orchestrator:orchestrator.py:211 {'raw_length': 34, 'event': 'input_stage_enter', 'trace_id': '9f6b32d134da', 'stage': 'input', 'level': 'debug', 'timestamp': '2026-04-02T22:26:58.790902Z'}
INFO     parseforge.layers.input_layer:input_layer.py:67 {'length': 34, 'event': 'input_accepted', 'trace_id': '9f6b32d134da', 'stage': 'input', 'level': 'info', 'timestamp': '2026-04-02T22:26:58.792272Z'}
DEBUG    parseforge.pipeline.orchestrator:orchestrator.py:238 {'status': 'success', 'duration_ms': 0.0, 'event': 'input_stage_exit', 'trace_id': '9f6b32d134da', 'stage': 'input', 'level': 'debug', 'timestamp': '2026-04-02T22:26:58.793757Z'}
DEBUG    parseforge.pipeline.orchestrator:orchestrator.py:211 {'input': 'I need help with calculus tomorrow', 'event': 'parser_stage_enter', 'trace_id': '9f6b32d134da', 'stage': 'parser', 'level': 'debug', 'timestamp': '2026-04-02T22:26:58.795282Z'}
INFO     parseforge.layers.parser:parser.py:402 {'input_length': 34, 'event': 'parser_start', 'trace_id': '9f6b32d134da', 'stage': 'parser', 'level': 'info', 'timestamp': '2026-04-02T22:26:58.797653Z'}
DEBUG    parseforge.layers.parser:parser.py:410 {'event': 'attempting_ml_parse', 'trace_id': '9f6b32d134da', 'stage': 'parser', 'level': 'debug', 'timestamp': '2026-04-02T22:26:58.798981Z'}
INFO     parseforge.layers.parser:parser.py:444 {'intent': np.str_('help'), 'team_size': 0, 'topic': 'calculus', 'timeframe': 'tomorrow', 'confidence': 0.6824492480188984, 'method': 'local_ml', 'event': 'parser_complete', 'trace_id': '9f6b32d134da', 'stage': 'parser', 'level': 'info', 'timestamp': '2026-04-02T22:26:59.258625Z'}
DEBUG    parseforge.pipeline.orchestrator:orchestrator.py:238 {'status': 'success', 'duration_ms': 0.0, 'event': 'parser_stage_exit', 'trace_id': '9f6b32d134da', 'stage': 'parser', 'level': 'debug', 'timestamp': '2026-04-02T22:26:59.260982Z'}
DEBUG    parseforge.pipeline.orchestrator:orchestrator.py:211 {'intent': 'help', 'team_size': 0, 'event': 'validator_stage_enter', 'trace_id': '9f6b32d134da', 'stage': 'validator', 'level': 'debug', 'timestamp': '2026-04-02T22:26:59.262318Z'}
INFO     parseforge.layers.validator:validator.py:49 {'intent': 'help', 'team_size': 0, 'event': 'validation_start', 'trace_id': '9f6b32d134da', 'stage': 'validator', 'level': 'info', 'timestamp': '2026-04-02T22:26:59.263750Z'}
INFO     parseforge.layers.validator:validator.py:119 {'field': 'team_size', 'correction': 'set to 1 (was unspecified)', 'event': 'auto_correction', 'trace_id': '9f6b32d134da', 'stage': 'validator', 'level': 'info', 'timestamp': '2026-04-02T22:26:59.265001Z'}
INFO     parseforge.layers.validator:validator.py:148 {'status': <ValidationStatus.auto_corrected: 'auto_corrected'>, 'warnings_count': 1, 'corrections_count': 1, 'event': 'validation_complete', 'trace_id': '9f6b32d134da', 'stage': 'validator', 'level': 'info', 'timestamp': '2026-04-02T22:26:59.266185Z'}
DEBUG    parseforge.pipeline.orchestrator:orchestrator.py:238 {'status': 'success', 'duration_ms': 0.0, 'event': 'validator_stage_exit', 'trace_id': '9f6b32d134da', 'stage': 'validator', 'level': 'debug', 'timestamp': '2026-04-02T22:26:59.267600Z'}
DEBUG    parseforge.pipeline.orchestrator:orchestrator.py:211 {'timeframe': 'tomorrow', 'urgency': 'medium', 'event': 'enricher_stage_enter', 'trace_id': '9f6b32d134da', 'stage': 'enricher', 'level': 'debug', 'timestamp': '2026-04-02T22:26:59.268732Z'}
INFO     parseforge.layers.enricher:enricher.py:48 {'topic': 'calculus', 'urgency': 'medium', 'event': 'enrichment_start', 'trace_id': '9f6b32d134da', 'stage': 'enricher', 'level': 'info', 'timestamp': '2026-04-02T22:26:59.269821Z'}
INFO     parseforge.layers.enricher:enricher.py:95 {'enrichments': ['metadata', 'timeframe_normalized'], 'request_id': '3b2b97eb-74ef-4384-9aea-02058aa184af', 'urgency': 'medium', 'event': 'enrichment_complete', 'trace_id': '9f6b32d134da', 'stage': 'enricher', 'level': 'info', 'timestamp': '2026-04-02T22:26:59.271033Z'}
DEBUG    parseforge.pipeline.orchestrator:orchestrator.py:238 {'status': 'success', 'duration_ms': 0.0, 'event': 'enricher_stage_exit', 'trace_id': '9f6b32d134da', 'stage': 'enricher', 'level': 'debug', 'timestamp': '2026-04-02T22:26:59.272380Z'}
DEBUG    parseforge.pipeline.orchestrator:orchestrator.py:211 {'intent': 'help', 'topic': 'calculus', 'urgency': 'medium', 'team_size': 1, 'event': 'decision_engine_stage_enter', 'trace_id': '9f6b32d134da', 'stage': 'decision_engine', 'level': 'debug', 'timestamp': '2026-04-02T22:26:59.273466Z'}
INFO     parseforge.layers.decision_engine:decision_engine.py:60 {'intent': 'help', 'topic': 'calculus', 'event': 'decision_start', 'trace_id': '9f6b32d134da', 'stage': 'decision_engine', 'level': 'info', 'timestamp': '2026-04-02T22:26:59.274751Z'}
INFO     parseforge.layers.decision_engine:decision_engine.py:75 {'action': <ActionEnum.match: 'match'>, 'priority': <PriorityEnum.medium: 'medium'>, 'score': 85, 'reason': "Score 85/100 [known_intent(+30), specific_topic(+20), valid_team_size(+20), timeframe_specified(+15)]. Request is well-defined ù routing to match engine for 'calculus'.", 'event': 'decision_complete', 'trace_id': '9f6b32d134da', 'stage': 'decision_engine', 'level': 'info', 'timestamp': '2026-04-02T22:26:59.275877Z'}
DEBUG    parseforge.pipeline.orchestrator:orchestrator.py:238 {'status': 'success', 'duration_ms': 0.0, 'event': 'decision_engine_stage_exit', 'trace_id': '9f6b32d134da', 'stage': 'decision_engine', 'level': 'debug', 'timestamp': '2026-04-02T22:26:59.277491Z'}
INFO     parseforge.pipeline.orchestrator:orchestrator.py:184 {'action': 'match', 'priority': 'medium', 'score': 85, 'event': 'pipeline_complete', 'trace_id': '9f6b32d134da', 'stage': 'decision_engine', 'level': 'info', 'timestamp': '2026-04-02T22:26:59.278926Z'}
INFO     parseforge.pipeline.orchestrator:orchestrator.py:79 {'trace_id': '7db21ac3dda8', 'skip_enrichment': False, 'event': 'pipeline_start', 'stage': 'decision_engine', 'level': 'info', 'timestamp': '2026-04-02T22:26:59.280292Z'}
DEBUG    parseforge.pipeline.orchestrator:orchestrator.py:211 {'raw_length': 59, 'event': 'input_stage_enter', 'trace_id': '7db21ac3dda8', 'stage': 'input', 'level': 'debug', 'timestamp': '2026-04-02T22:26:59.281292Z'}
INFO     parseforge.layers.input_layer:input_layer.py:67 {'length': 59, 'event': 'input_accepted', 'trace_id': '7db21ac3dda8', 'stage': 'input', 'level': 'info', 'timestamp': '2026-04-02T22:26:59.282286Z'}
DEBUG    parseforge.pipeline.orchestrator:orchestrator.py:238 {'status': 'success', 'duration_ms': 0.0, 'event': 'input_stage_exit', 'trace_id': '7db21ac3dda8', 'stage': 'input', 'level': 'debug', 'timestamp': '2026-04-02T22:26:59.283771Z'}
DEBUG    parseforge.pipeline.orchestrator:orchestrator.py:211 {'input': 'Need a team of 5 for a machine learning hackathon next week', 'event': 'parser_stage_enter', 'trace_id': '7db21ac3dda8', 'stage': 'parser', 'level': 'debug', 'timestamp': '2026-04-02T22:26:59.285233Z'}
INFO     parseforge.layers.parser:parser.py:402 {'input_length': 59, 'event': 'parser_start', 'trace_id': '7db21ac3dda8', 'stage': 'parser', 'level': 'info', 'timestamp': '2026-04-02T22:26:59.290876Z'}
DEBUG    parseforge.layers.parser:parser.py:410 {'event': 'attempting_ml_parse', 'trace_id': '7db21ac3dda8', 'stage': 'parser', 'level': 'debug', 'timestamp': '2026-04-02T22:26:59.293067Z'}
INFO     parseforge.layers.parser:parser.py:444 {'intent': <IntentEnum.unknown: 'unknown'>, 'team_size': 5, 'topic': 'hackathon', 'timeframe': 'next week', 'confidence': 0.4954636572963389, 'method': 'local_ml', 'event': 'parser_complete', 'trace_id': '7db21ac3dda8', 'stage': 'parser', 'level': 'info', 'timestamp': '2026-04-02T22:26:59.773440Z'}
DEBUG    parseforge.pipeline.orchestrator:orchestrator.py:238 {'status': 'success', 'duration_ms': 0.0, 'event': 'parser_stage_exit', 'trace_id': '7db21ac3dda8', 'stage': 'parser', 'level': 'debug', 'timestamp': '2026-04-02T22:26:59.775808Z'}
DEBUG    parseforge.pipeline.orchestrator:orchestrator.py:211 {'intent': 'unknown', 'team_size': 5, 'event': 'validator_stage_enter', 'trace_id': '7db21ac3dda8', 'stage': 'validator', 'level': 'debug', 'timestamp': '2026-04-02T22:26:59.777231Z'}
INFO     parseforge.layers.validator:validator.py:49 {'intent': 'unknown', 'team_size': 5, 'event': 'validation_start', 'trace_id': '7db21ac3dda8', 'stage': 'validator', 'level': 'info', 'timestamp': '2026-04-02T22:26:59.778575Z'}
INFO     parseforge.layers.validator:validator.py:148 {'status': <ValidationStatus.valid: 'valid'>, 'warnings_count': 0, 'corrections_count': 0, 'event': 'validation_complete', 'trace_id': '7db21ac3dda8', 'stage': 'validator', 'level': 'info', 'timestamp': '2026-04-02T22:26:59.780511Z'}
DEBUG    parseforge.pipeline.orchestrator:orchestrator.py:238 {'status': 'success', 'duration_ms': 0.0, 'event': 'validator_stage_exit', 'trace_id': '7db21ac3dda8', 'stage': 'validator', 'level': 'debug', 'timestamp': '2026-04-02T22:26:59.783221Z'}
DEBUG    parseforge.pipeline.orchestrator:orchestrator.py:211 {'timeframe': 'next week', 'urgency': 'medium', 'event': 'enricher_stage_enter', 'trace_id': '7db21ac3dda8', 'stage': 'enricher', 'level': 'debug', 'timestamp': '2026-04-02T22:26:59.784705Z'}
INFO     parseforge.layers.enricher:enricher.py:48 {'topic': 'hackathon', 'urgency': 'medium', 'event': 'enrichment_start', 'trace_id': '7db21ac3dda8', 'stage': 'enricher', 'level': 'info', 'timestamp': '2026-04-02T22:26:59.786038Z'}
INFO     parseforge.layers.enricher:enricher.py:95 {'enrichments': ['metadata', 'timeframe_normalized'], 'request_id': '76253b40-4919-4422-9f53-5e1169b61f0b', 'urgency': 'medium', 'event': 'enrichment_complete', 'trace_id': '7db21ac3dda8', 'stage': 'enricher', 'level': 'info', 'timestamp': '2026-04-02T22:26:59.787754Z'}
DEBUG    parseforge.pipeline.orchestrator:orchestrator.py:238 {'status': 'success', 'duration_ms': 0.0, 'event': 'enricher_stage_exit', 'trace_id': '7db21ac3dda8', 'stage': 'enricher', 'level': 'debug', 'timestamp': '2026-04-02T22:26:59.790041Z'}
DEBUG    parseforge.pipeline.orchestrator:orchestrator.py:211 {'intent': 'unknown', 'topic': 'hackathon', 'urgency': 'medium', 'team_size': 5, 'event': 'decision_engine_stage_enter', 'trace_id': '7db21ac3dda8', 'stage': 'decision_engine', 'level': 'debug', 'timestamp': '2026-04-02T22:26:59.791715Z'}
INFO     parseforge.layers.decision_engine:decision_engine.py:60 {'intent': 'unknown', 'topic': 'hackathon', 'event': 'decision_start', 'trace_id': '7db21ac3dda8', 'stage': 'decision_engine', 'level': 'info', 'timestamp': '2026-04-02T22:26:59.793490Z'}
INFO     parseforge.layers.decision_engine:decision_engine.py:75 {'action': <ActionEnum.queue: 'queue'>, 'priority': <PriorityEnum.medium: 'medium'>, 'score': 60, 'reason': 'Score 60/100 [specific_topic(+20), valid_team_size(+20), timeframe_specified(+15), clean_validation(+5)]. Request has enough data to queue but not immediately actionable.', 'event': 'decision_complete', 'trace_id': '7db21ac3dda8', 'stage': 'decision_engine', 'level': 'info', 'timestamp': '2026-04-02T22:26:59.794956Z'}
DEBUG    parseforge.pipeline.orchestrator:orchestrator.py:238 {'status': 'success', 'duration_ms': 0.0, 'event': 'decision_engine_stage_exit', 'trace_id': '7db21ac3dda8', 'stage': 'decision_engine', 'level': 'debug', 'timestamp': '2026-04-02T22:26:59.796748Z'}
INFO     parseforge.pipeline.orchestrator:orchestrator.py:184 {'action': 'queue', 'priority': 'medium', 'score': 60, 'event': 'pipeline_complete', 'trace_id': '7db21ac3dda8', 'stage': 'decision_engine', 'level': 'info', 'timestamp': '2026-04-02T22:26:59.798654Z'}
INFO     parseforge.pipeline.orchestrator:orchestrator.py:79 {'trace_id': '496991b63cbb', 'skip_enrichment': False, 'event': 'pipeline_start', 'stage': 'decision_engine', 'level': 'info', 'timestamp': '2026-04-02T22:26:59.800657Z'}
DEBUG    parseforge.pipeline.orchestrator:orchestrator.py:211 {'raw_length': 47, 'event': 'input_stage_enter', 'trace_id': '496991b63cbb', 'stage': 'input', 'level': 'debug', 'timestamp': '2026-04-02T22:26:59.801971Z'}
INFO     parseforge.layers.input_layer:input_layer.py:67 {'length': 47, 'event': 'input_accepted', 'trace_id': '496991b63cbb', 'stage': 'input', 'level': 'info', 'timestamp': '2026-04-02T22:26:59.803899Z'}
DEBUG    parseforge.pipeline.orchestrator:orchestrator.py:238 {'status': 'success', 'duration_ms': 0.0, 'event': 'input_stage_exit', 'trace_id': '496991b63cbb', 'stage': 'input', 'level': 'debug', 'timestamp': '2026-04-02T22:26:59.805472Z'}
DEBUG    parseforge.pipeline.orchestrator:orchestrator.py:211 {'input': 'ASAP I need 3 developers for my fintech startup', 'event': 'parser_stage_enter', 'trace_id': '496991b63cbb', 'stage': 'parser', 'level': 'debug', 'timestamp': '2026-04-02T22:26:59.807069Z'}
INFO     parseforge.layers.parser:parser.py:402 {'input_length': 47, 'event': 'parser_start', 'trace_id': '496991b63cbb', 'stage': 'parser', 'level': 'info', 'timestamp': '2026-04-02T22:26:59.808440Z'}
DEBUG    parseforge.layers.parser:parser.py:410 {'event': 'attempting_ml_parse', 'trace_id': '496991b63cbb', 'stage': 'parser', 'level': 'debug', 'timestamp': '2026-04-02T22:26:59.809621Z'}
INFO     parseforge.layers.parser:parser.py:444 {'intent': <IntentEnum.unknown: 'unknown'>, 'team_size': 3, 'topic': 'startup', 'timeframe': 'ASAP', 'confidence': 0.5851139423521039, 'method': 'local_ml', 'event': 'parser_complete', 'trace_id': '496991b63cbb', 'stage': 'parser', 'level': 'info', 'timestamp': '2026-04-02T22:27:00.300054Z'}
DEBUG    parseforge.pipeline.orchestrator:orchestrator.py:238 {'status': 'success', 'duration_ms': 0.0, 'event': 'parser_stage_exit', 'trace_id': '496991b63cbb', 'stage': 'parser', 'level': 'debug', 'timestamp': '2026-04-02T22:27:00.302475Z'}
DEBUG    parseforge.pipeline.orchestrator:orchestrator.py:211 {'intent': 'unknown', 'team_size': 3, 'event': 'validator_stage_enter', 'trace_id': '496991b63cbb', 'stage': 'validator', 'level': 'debug', 'timestamp': '2026-04-02T22:27:00.303842Z'}
INFO     parseforge.layers.validator:validator.py:49 {'intent': 'unknown', 'team_size': 3, 'event': 'validation_start', 'trace_id': '496991b63cbb', 'stage': 'validator', 'level': 'info', 'timestamp': '2026-04-02T22:27:00.305113Z'}
INFO     parseforge.layers.validator:validator.py:148 {'status': <ValidationStatus.valid: 'valid'>, 'warnings_count': 0, 'corrections_count': 0, 'event': 'validation_complete', 'trace_id': '496991b63cbb', 'stage': 'validator', 'level': 'info', 'timestamp': '2026-04-02T22:27:00.306458Z'}
DEBUG    parseforge.pipeline.orchestrator:orchestrator.py:238 {'status': 'success', 'duration_ms': 0.0, 'event': 'validator_stage_exit', 'trace_id': '496991b63cbb', 'stage': 'validator', 'level': 'debug', 'timestamp': '2026-04-02T22:27:00.308150Z'}
DEBUG    parseforge.pipeline.orchestrator:orchestrator.py:211 {'timeframe': 'ASAP', 'urgency': 'high', 'event': 'enricher_stage_enter', 'trace_id': '496991b63cbb', 'stage': 'enricher', 'level': 'debug', 'timestamp': '2026-04-02T22:27:00.309553Z'}
INFO     parseforge.layers.enricher:enricher.py:48 {'topic': 'startup', 'urgency': 'high', 'event': 'enrichment_start', 'trace_id': '496991b63cbb', 'stage': 'enricher', 'level': 'info', 'timestamp': '2026-04-02T22:27:00.311010Z'}
INFO     parseforge.layers.enricher:enricher.py:95 {'enrichments': ['metadata', 'timeframe_normalized'], 'request_id': 'd157c60d-f8a3-400d-83dd-ef42ef4a1aa3', 'urgency': 'high', 'event': 'enrichment_complete', 'trace_id': '496991b63cbb', 'stage': 'enricher', 'level': 'info', 'timestamp': '2026-04-02T22:27:00.313237Z'}
DEBUG    parseforge.pipeline.orchestrator:orchestrator.py:238 {'status': 'success', 'duration_ms': 0.0, 'event': 'enricher_stage_exit', 'trace_id': '496991b63cbb', 'stage': 'enricher', 'level': 'debug', 'timestamp': '2026-04-02T22:27:00.316120Z'}
DEBUG    parseforge.pipeline.orchestrator:orchestrator.py:211 {'intent': 'unknown', 'topic': 'startup', 'urgency': 'high', 'team_size': 3, 'event': 'decision_engine_stage_enter', 'trace_id': '496991b63cbb', 'stage': 'decision_engine', 'level': 'debug', 'timestamp': '2026-04-02T22:27:00.317870Z'}
INFO     parseforge.layers.decision_engine:decision_engine.py:60 {'intent': 'unknown', 'topic': 'startup', 'event': 'decision_start', 'trace_id': '496991b63cbb', 'stage': 'decision_engine', 'level': 'info', 'timestamp': '2026-04-02T22:27:00.319495Z'}
INFO     parseforge.layers.decision_engine:decision_engine.py:75 {'action': <ActionEnum.match: 'match'>, 'priority': <PriorityEnum.critical: 'critical'>, 'score': 70, 'reason': "Score 70/100 [specific_topic(+20), valid_team_size(+20), timeframe_specified(+15), high_urgency_bonus(+10), clean_validation(+5)]. Request is well-defined ù routing to match engine for 'startup'.", 'event': 'decision_complete', 'trace_id': '496991b63cbb', 'stage': 'decision_engine', 'level': 'info', 'timestamp': '2026-04-02T22:27:00.320803Z'}
DEBUG    parseforge.pipeline.orchestrator:orchestrator.py:238 {'status': 'success', 'duration_ms': 0.0, 'event': 'decision_engine_stage_exit', 'trace_id': '496991b63cbb', 'stage': 'decision_engine', 'level': 'debug', 'timestamp': '2026-04-02T22:27:00.322611Z'}
INFO     parseforge.pipeline.orchestrator:orchestrator.py:184 {'action': 'match', 'priority': 'critical', 'score': 70, 'event': 'pipeline_complete', 'trace_id': '496991b63cbb', 'stage': 'decision_engine', 'level': 'info', 'timestamp': '2026-04-02T22:27:00.323824Z'}
INFO     parseforge.pipeline.orchestrator:orchestrator.py:79 {'trace_id': 'f9b18d78c263', 'skip_enrichment': False, 'event': 'pipeline_start', 'stage': 'decision_engine', 'level': 'info', 'timestamp': '2026-04-02T22:27:00.326376Z'}
DEBUG    parseforge.pipeline.orchestrator:orchestrator.py:211 {'raw_length': 39, 'event': 'input_stage_enter', 'trace_id': 'f9b18d78c263', 'stage': 'input', 'level': 'debug', 'timestamp': '2026-04-02T22:27:00.328162Z'}
INFO     parseforge.layers.input_layer:input_layer.py:67 {'length': 39, 'event': 'input_accepted', 'trace_id': 'f9b18d78c263', 'stage': 'input', 'level': 'info', 'timestamp': '2026-04-02T22:27:00.329507Z'}
DEBUG    parseforge.pipeline.orchestrator:orchestrator.py:238 {'status': 'success', 'duration_ms': 0.0, 'event': 'input_stage_exit', 'trace_id': 'f9b18d78c263', 'stage': 'input', 'level': 'debug', 'timestamp': '2026-04-02T22:27:00.331573Z'}
DEBUG    parseforge.pipeline.orchestrator:orchestrator.py:211 {'input': 'Schedule a team meeting for next Monday', 'event': 'parser_stage_enter', 'trace_id': 'f9b18d78c263', 'stage': 'parser', 'level': 'debug', 'timestamp': '2026-04-02T22:27:00.333048Z'}
INFO     parseforge.layers.parser:parser.py:402 {'input_length': 39, 'event': 'parser_start', 'trace_id': 'f9b18d78c263', 'stage': 'parser', 'level': 'info', 'timestamp': '2026-04-02T22:27:00.334299Z'}
DEBUG    parseforge.layers.parser:parser.py:410 {'event': 'attempting_ml_parse', 'trace_id': 'f9b18d78c263', 'stage': 'parser', 'level': 'debug', 'timestamp': '2026-04-02T22:27:00.335494Z'}
INFO     parseforge.layers.parser:parser.py:444 {'intent': <IntentEnum.unknown: 'unknown'>, 'team_size': 0, 'topic': 'monday', 'timeframe': '{1}', 'confidence': 0.5698954733586612, 'method': 'local_ml', 'event': 'parser_complete', 'trace_id': 'f9b18d78c263', 'stage': 'parser', 'level': 'info', 'timestamp': '2026-04-02T22:27:00.855515Z'}
DEBUG    parseforge.pipeline.orchestrator:orchestrator.py:238 {'status': 'success', 'duration_ms': 0.0, 'event': 'parser_stage_exit', 'trace_id': 'f9b18d78c263', 'stage': 'parser', 'level': 'debug', 'timestamp': '2026-04-02T22:27:00.858040Z'}
DEBUG    parseforge.pipeline.orchestrator:orchestrator.py:211 {'intent': 'unknown', 'team_size': 0, 'event': 'validator_stage_enter', 'trace_id': 'f9b18d78c263', 'stage': 'validator', 'level': 'debug', 'timestamp': '2026-04-02T22:27:00.859922Z'}
INFO     parseforge.layers.validator:validator.py:49 {'intent': 'unknown', 'team_size': 0, 'event': 'validation_start', 'trace_id': 'f9b18d78c263', 'stage': 'validator', 'level': 'info', 'timestamp': '2026-04-02T22:27:00.861848Z'}
INFO     parseforge.layers.validator:validator.py:119 {'field': 'team_size', 'correction': 'set to 1 (was unspecified)', 'event': 'auto_correction', 'trace_id': 'f9b18d78c263', 'stage': 'validator', 'level': 'info', 'timestamp': '2026-04-02T22:27:00.863824Z'}
INFO     parseforge.layers.validator:validator.py:148 {'status': <ValidationStatus.auto_corrected: 'auto_corrected'>, 'warnings_count': 1, 'corrections_count': 1, 'event': 'validation_complete', 'trace_id': 'f9b18d78c263', 'stage': 'validator', 'level': 'info', 'timestamp': '2026-04-02T22:27:00.865203Z'}
DEBUG    parseforge.pipeline.orchestrator:orchestrator.py:238 {'status': 'success', 'duration_ms': 0.0, 'event': 'validator_stage_exit', 'trace_id': 'f9b18d78c263', 'stage': 'validator', 'level': 'debug', 'timestamp': '2026-04-02T22:27:00.867135Z'}
DEBUG    parseforge.pipeline.orchestrator:orchestrator.py:211 {'timeframe': '{1}', 'urgency': 'medium', 'event': 'enricher_stage_enter', 'trace_id': 'f9b18d78c263', 'stage': 'enricher', 'level': 'debug', 'timestamp': '2026-04-02T22:27:00.868709Z'}
INFO     parseforge.layers.enricher:enricher.py:48 {'topic': 'monday', 'urgency': 'medium', 'event': 'enrichment_start', 'trace_id': 'f9b18d78c263', 'stage': 'enricher', 'level': 'info', 'timestamp': '2026-04-02T22:27:00.870179Z'}
INFO     parseforge.layers.enricher:enricher.py:95 {'enrichments': ['metadata', 'timeframe_normalized'], 'request_id': '85df49c5-ee8d-4c35-a995-a5c9b7b2751f', 'urgency': 'medium', 'event': 'enrichment_complete', 'trace_id': 'f9b18d78c263', 'stage': 'enricher', 'level': 'info', 'timestamp': '2026-04-02T22:27:00.871441Z'}
DEBUG    parseforge.pipeline.orchestrator:orchestrator.py:238 {'status': 'success', 'duration_ms': 0.0, 'event': 'enricher_stage_exit', 'trace_id': 'f9b18d78c263', 'stage': 'enricher', 'level': 'debug', 'timestamp': '2026-04-02T22:27:00.873042Z'}
DEBUG    parseforge.pipeline.orchestrator:orchestrator.py:211 {'intent': 'unknown', 'topic': 'monday', 'urgency': 'medium', 'team_size': 1, 'event': 'decision_engine_stage_enter', 'trace_id': 'f9b18d78c263', 'stage': 'decision_engine', 'level': 'debug', 'timestamp': '2026-04-02T22:27:00.874284Z'}
INFO     parseforge.layers.decision_engine:decision_engine.py:60 {'intent': 'unknown', 'topic': 'monday', 'event': 'decision_start', 'trace_id': 'f9b18d78c263', 'stage': 'decision_engine', 'level': 'info', 'timestamp': '2026-04-02T22:27:00.875712Z'}
INFO     parseforge.layers.decision_engine:decision_engine.py:75 {'action': <ActionEnum.queue: 'queue'>, 'priority': <PriorityEnum.medium: 'medium'>, 'score': 55, 'reason': 'Score 55/100 [specific_topic(+20), valid_team_size(+20), timeframe_specified(+15)]. Request has enough data to queue but not immediately actionable.', 'event': 'decision_complete', 'trace_id': 'f9b18d78c263', 'stage': 'decision_engine', 'level': 'info', 'timestamp': '2026-04-02T22:27:00.877324Z'}
DEBUG    parseforge.pipeline.orchestrator:orchestrator.py:238 {'status': 'success', 'duration_ms': 0.0, 'event': 'decision_engine_stage_exit', 'trace_id': 'f9b18d78c263', 'stage': 'decision_engine', 'level': 'debug', 'timestamp': '2026-04-02T22:27:00.879189Z'}
INFO     parseforge.pipeline.orchestrator:orchestrator.py:184 {'action': 'queue', 'priority': 'medium', 'score': 55, 'event': 'pipeline_complete', 'trace_id': 'f9b18d78c263', 'stage': 'decision_engine', 'level': 'info', 'timestamp': '2026-04-02T22:27:00.881104Z'}
INFO     parseforge.pipeline.orchestrator:orchestrator.py:79 {'trace_id': '4728da53512e', 'skip_enrichment': False, 'event': 'pipeline_start', 'stage': 'decision_engine', 'level': 'info', 'timestamp': '2026-04-02T22:27:00.882940Z'}
DEBUG    parseforge.pipeline.orchestrator:orchestrator.py:211 {'raw_length': 65, 'event': 'input_stage_enter', 'trace_id': '4728da53512e', 'stage': 'input', 'level': 'debug', 'timestamp': '2026-04-02T22:27:00.884187Z'}
INFO     parseforge.layers.input_layer:input_layer.py:67 {'length': 65, 'event': 'input_accepted', 'trace_id': '4728da53512e', 'stage': 'input', 'level': 'info', 'timestamp': '2026-04-02T22:27:00.885423Z'}
DEBUG    parseforge.pipeline.orchestrator:orchestrator.py:238 {'status': 'success', 'duration_ms': 0.0, 'event': 'input_stage_exit', 'trace_id': '4728da53512e', 'stage': 'input', 'level': 'debug', 'timestamp': '2026-04-02T22:27:00.887060Z'}
DEBUG    parseforge.pipeline.orchestrator:orchestrator.py:211 {'input': 'I want to find 4 people for a biology research project this month', 'event': 'parser_stage_enter', 'trace_id': '4728da53512e', 'stage': 'parser', 'level': 'debug', 'timestamp': '2026-04-02T22:27:00.888396Z'}
INFO     parseforge.layers.parser:parser.py:402 {'input_length': 65, 'event': 'parser_start', 'trace_id': '4728da53512e', 'stage': 'parser', 'level': 'info', 'timestamp': '2026-04-02T22:27:00.889912Z'}
DEBUG    parseforge.layers.parser:parser.py:410 {'event': 'attempting_ml_parse', 'trace_id': '4728da53512e', 'stage': 'parser', 'level': 'debug', 'timestamp': '2026-04-02T22:27:00.891102Z'}
INFO     parseforge.layers.parser:parser.py:444 {'intent': <IntentEnum.unknown: 'unknown'>, 'team_size': 4, 'topic': 'biology', 'timeframe': 'this month', 'confidence': 0.22812354500060472, 'method': 'local_ml', 'event': 'parser_complete', 'trace_id': '4728da53512e', 'stage': 'parser', 'level': 'info', 'timestamp': '2026-04-02T22:27:01.472266Z'}
DEBUG    parseforge.pipeline.orchestrator:orchestrator.py:238 {'status': 'success', 'duration_ms': 0.0, 'event': 'parser_stage_exit', 'trace_id': '4728da53512e', 'stage': 'parser', 'level': 'debug', 'timestamp': '2026-04-02T22:27:01.474677Z'}
DEBUG    parseforge.pipeline.orchestrator:orchestrator.py:211 {'intent': 'unknown', 'team_size': 4, 'event': 'validator_stage_enter', 'trace_id': '4728da53512e', 'stage': 'validator', 'level': 'debug', 'timestamp': '2026-04-02T22:27:01.475983Z'}
INFO     parseforge.layers.validator:validator.py:49 {'intent': 'unknown', 'team_size': 4, 'event': 'validation_start', 'trace_id': '4728da53512e', 'stage': 'validator', 'level': 'info', 'timestamp': '2026-04-02T22:27:01.477142Z'}
INFO     parseforge.layers.validator:validator.py:148 {'status': <ValidationStatus.valid: 'valid'>, 'warnings_count': 0, 'corrections_count': 0, 'event': 'validation_complete', 'trace_id': '4728da53512e', 'stage': 'validator', 'level': 'info', 'timestamp': '2026-04-02T22:27:01.478391Z'}
DEBUG    parseforge.pipeline.orchestrator:orchestrator.py:238 {'status': 'success', 'duration_ms': 0.0, 'event': 'validator_stage_exit', 'trace_id': '4728da53512e', 'stage': 'validator', 'level': 'debug', 'timestamp': '2026-04-02T22:27:01.480528Z'}
DEBUG    parseforge.pipeline.orchestrator:orchestrator.py:211 {'timeframe': 'this month', 'urgency': 'medium', 'event': 'enricher_stage_enter', 'trace_id': '4728da53512e', 'stage': 'enricher', 'level': 'debug', 'timestamp': '2026-04-02T22:27:01.482142Z'}
INFO     parseforge.layers.enricher:enricher.py:48 {'topic': 'biology', 'urgency': 'medium', 'event': 'enrichment_start', 'trace_id': '4728da53512e', 'stage': 'enricher', 'level': 'info', 'timestamp': '2026-04-02T22:27:01.483674Z'}
INFO     parseforge.layers.enricher:enricher.py:63 {'old': 'medium', 'new': <UrgencyEnum.low: 'low'>, 'trigger': 'timeframe', 'event': 'urgency_inferred', 'trace_id': '4728da53512e', 'stage': 'enricher', 'level': 'info', 'timestamp': '2026-04-02T22:27:01.485074Z'}
INFO     parseforge.layers.enricher:enricher.py:95 {'enrichments': ['metadata', 'urgency_inferred', 'timeframe_normalized'], 'request_id': '6079fcda-090b-4f2f-80f2-6bf8ae42926b', 'urgency': <UrgencyEnum.low: 'low'>, 'event': 'enrichment_complete', 'trace_id': '4728da53512e', 'stage': 'enricher', 'level': 'info', 'timestamp': '2026-04-02T22:27:01.486466Z'}
DEBUG    parseforge.pipeline.orchestrator:orchestrator.py:238 {'status': 'success', 'duration_ms': 0.0, 'event': 'enricher_stage_exit', 'trace_id': '4728da53512e', 'stage': 'enricher', 'level': 'debug', 'timestamp': '2026-04-02T22:27:01.488384Z'}
DEBUG    parseforge.pipeline.orchestrator:orchestrator.py:211 {'intent': 'unknown', 'topic': 'biology', 'urgency': 'low', 'team_size': 4, 'event': 'decision_engine_stage_enter', 'trace_id': '4728da53512e', 'stage': 'decision_engine', 'level': 'debug', 'timestamp': '2026-04-02T22:27:01.490006Z'}
INFO     parseforge.layers.decision_engine:decision_engine.py:60 {'intent': 'unknown', 'topic': 'biology', 'event': 'decision_start', 'trace_id': '4728da53512e', 'stage': 'decision_engine', 'level': 'info', 'timestamp': '2026-04-02T22:27:01.491586Z'}
INFO     parseforge.layers.decision_engine:decision_engine.py:75 {'action': <ActionEnum.queue: 'queue'>, 'priority': <PriorityEnum.low: 'low'>, 'score': 60, 'reason': 'Score 60/100 [specific_topic(+20), valid_team_size(+20), timeframe_specified(+15), clean_validation(+5)]. Request has enough data to queue but not immediately actionable.', 'event': 'decision_complete', 'trace_id': '4728da53512e', 'stage': 'decision_engine', 'level': 'info', 'timestamp': '2026-04-02T22:27:01.493128Z'}
DEBUG    parseforge.pipeline.orchestrator:orchestrator.py:238 {'status': 'success', 'duration_ms': 0.0, 'event': 'decision_engine_stage_exit', 'trace_id': '4728da53512e', 'stage': 'decision_engine', 'level': 'debug', 'timestamp': '2026-04-02T22:27:01.495062Z'}
INFO     parseforge.pipeline.orchestrator:orchestrator.py:184 {'action': 'queue', 'priority': 'low', 'score': 60, 'event': 'pipeline_complete', 'trace_id': '4728da53512e', 'stage': 'decision_engine', 'level': 'info', 'timestamp': '2026-04-02T22:27:01.496489Z'}
INFO     parseforge.pipeline.orchestrator:orchestrator.py:79 {'trace_id': '9c224970251f', 'skip_enrichment': False, 'event': 'pipeline_start', 'stage': 'decision_engine', 'level': 'info', 'timestamp': '2026-04-02T22:27:01.498169Z'}
DEBUG    parseforge.pipeline.orchestrator:orchestrator.py:211 {'raw_length': 30, 'event': 'input_stage_enter', 'trace_id': '9c224970251f', 'stage': 'input', 'level': 'debug', 'timestamp': '2026-04-02T22:27:01.499283Z'}
INFO     parseforge.layers.input_layer:input_layer.py:67 {'length': 30, 'event': 'input_accepted', 'trace_id': '9c224970251f', 'stage': 'input', 'level': 'info', 'timestamp': '2026-04-02T22:27:01.500329Z'}
DEBUG    parseforge.pipeline.orchestrator:orchestrator.py:238 {'status': 'success', 'duration_ms': 0.0, 'event': 'input_stage_exit', 'trace_id': '9c224970251f', 'stage': 'input', 'level': 'debug', 'timestamp': '2026-04-02T22:27:01.501359Z'}
DEBUG    parseforge.pipeline.orchestrator:orchestrator.py:211 {'input': 'Find me 0 people for a project', 'event': 'parser_stage_enter', 'trace_id': '9c224970251f', 'stage': 'parser', 'level': 'debug', 'timestamp': '2026-04-02T22:27:01.502505Z'}
INFO     parseforge.layers.parser:parser.py:402 {'input_length': 30, 'event': 'parser_start', 'trace_id': '9c224970251f', 'stage': 'parser', 'level': 'info', 'timestamp': '2026-04-02T22:27:01.503504Z'}
DEBUG    parseforge.layers.parser:parser.py:410 {'event': 'attempting_ml_parse', 'trace_id': '9c224970251f', 'stage': 'parser', 'level': 'debug', 'timestamp': '2026-04-02T22:27:01.504498Z'}
INFO     parseforge.layers.parser:parser.py:444 {'intent': <IntentEnum.unknown: 'unknown'>, 'team_size': 0, 'topic': 'general', 'timeframe': 'unspecified', 'confidence': 0.28490593916534906, 'method': 'local_ml', 'event': 'parser_complete', 'trace_id': '9c224970251f', 'stage': 'parser', 'level': 'info', 'timestamp': '2026-04-02T22:27:02.129748Z'}
DEBUG    parseforge.pipeline.orchestrator:orchestrator.py:238 {'status': 'success', 'duration_ms': 0.0, 'event': 'parser_stage_exit', 'trace_id': '9c224970251f', 'stage': 'parser', 'level': 'debug', 'timestamp': '2026-04-02T22:27:02.132704Z'}
DEBUG    parseforge.pipeline.orchestrator:orchestrator.py:211 {'intent': 'unknown', 'team_size': 0, 'event': 'validator_stage_enter', 'trace_id': '9c224970251f', 'stage': 'validator', 'level': 'debug', 'timestamp': '2026-04-02T22:27:02.134255Z'}
INFO     parseforge.layers.validator:validator.py:49 {'intent': 'unknown', 'team_size': 0, 'event': 'validation_start', 'trace_id': '9c224970251f', 'stage': 'validator', 'level': 'info', 'timestamp': '2026-04-02T22:27:02.135688Z'}
INFO     parseforge.layers.validator:validator.py:108 {'reason': 'unknown_intent_and_topic', 'event': 'validation_needs_clarification', 'trace_id': '9c224970251f', 'stage': 'validator', 'level': 'info', 'timestamp': '2026-04-02T22:27:02.137631Z'}
DEBUG    parseforge.pipeline.orchestrator:orchestrator.py:238 {'status': 'success', 'duration_ms': 0.0, 'event': 'validator_stage_exit', 'trace_id': '9c224970251f', 'stage': 'validator', 'level': 'debug', 'timestamp': '2026-04-02T22:27:02.139761Z'}
DEBUG    parseforge.pipeline.orchestrator:orchestrator.py:211 {'timeframe': 'unspecified', 'urgency': 'medium', 'event': 'enricher_stage_enter', 'trace_id': '9c224970251f', 'stage': 'enricher', 'level': 'debug', 'timestamp': '2026-04-02T22:27:02.141210Z'}
INFO     parseforge.layers.enricher:enricher.py:48 {'topic': 'general', 'urgency': 'medium', 'event': 'enrichment_start', 'trace_id': '9c224970251f', 'stage': 'enricher', 'level': 'info', 'timestamp': '2026-04-02T22:27:02.142930Z'}
INFO     parseforge.layers.enricher:enricher.py:95 {'enrichments': ['metadata', 'timeframe_normalized'], 'request_id': 'e05299f5-7755-4c1d-baf8-ad52b358c194', 'urgency': 'medium', 'event': 'enrichment_complete', 'trace_id': '9c224970251f', 'stage': 'enricher', 'level': 'info', 'timestamp': '2026-04-02T22:27:02.144379Z'}
DEBUG    parseforge.pipeline.orchestrator:orchestrator.py:238 {'status': 'success', 'duration_ms': 0.0, 'event': 'enricher_stage_exit', 'trace_id': '9c224970251f', 'stage': 'enricher', 'level': 'debug', 'timestamp': '2026-04-02T22:27:02.146117Z'}
DEBUG    parseforge.pipeline.orchestrator:orchestrator.py:211 {'intent': 'unknown', 'topic': 'general', 'urgency': 'medium', 'team_size': 0, 'event': 'decision_engine_stage_enter', 'trace_id': '9c224970251f', 'stage': 'decision_engine', 'level': 'debug', 'timestamp': '2026-04-02T22:27:02.147760Z'}
INFO     parseforge.layers.decision_engine:decision_engine.py:60 {'intent': 'unknown', 'topic': 'general', 'event': 'decision_start', 'trace_id': '9c224970251f', 'stage': 'decision_engine', 'level': 'info', 'timestamp': '2026-04-02T22:27:02.149368Z'}
INFO     parseforge.layers.decision_engine:decision_engine.py:75 {'action': <ActionEnum.reject: 'reject'>, 'priority': <PriorityEnum.medium: 'medium'>, 'score': 0, 'reason': 'Score 0/100 []. Insufficient information to process this request. Please provide intent, topic, timeframe, and team size.', 'event': 'decision_complete', 'trace_id': '9c224970251f', 'stage': 'decision_engine', 'level': 'info', 'timestamp': '2026-04-02T22:27:02.150749Z'}
DEBUG    parseforge.pipeline.orchestrator:orchestrator.py:238 {'status': 'success', 'duration_ms': 0.0, 'event': 'decision_engine_stage_exit', 'trace_id': '9c224970251f', 'stage': 'decision_engine', 'level': 'debug', 'timestamp': '2026-04-02T22:27:02.152377Z'}
INFO     parseforge.pipeline.orchestrator:orchestrator.py:184 {'action': 'reject', 'priority': 'medium', 'score': 0, 'event': 'pipeline_complete', 'trace_id': '9c224970251f', 'stage': 'decision_engine', 'level': 'info', 'timestamp': '2026-04-02T22:27:02.153649Z'}
__________________ TestIntentExtraction.test_project_intent ___________________

self = <tests.test_parser.TestIntentExtraction object at 0x00000186C9642210>

    def test_project_intent(self):
        r = parse("Find me 2 people for a robotics project this weekend")
>       assert r.intent == IntentEnum.project
E       AssertionError: assert 'unknown' == <IntentEnum.p...ct: 'project'>
E         
E         - project
E         + unknown

tests\test_parser.py:14: AssertionError
---------------------------- Captured stdout call -----------------------------
2026-04-02T22:27:14.918352Z [info     ] parser_start                   input_length=52 stage=parser trace_id=fd5f9b0c99d1
2026-04-02T22:27:14.918801Z [debug    ] attempting_ml_parse            stage=parser trace_id=fd5f9b0c99d1
2026-04-02T22:27:15.119651Z [info     ] parser_complete                confidence=0.46633240041479795 intent=unknown method=local_ml stage=parser team_size=2 timeframe='this weekend' topic=robotics trace_id=fd5f9b0c99d1
---------------------------- Captured stderr call -----------------------------
\rBatches:   0%|          | 0/1 [00:00<?, ?it/s]\rBatches: 100%|\u2588\u2588\u2588\u2588\u2588\u2588\u2588\u2588\u2588\u2588| 1/1 [00:00<00:00,  5.27it/s]\rBatches: 100%|\u2588\u2588\u2588\u2588\u2588\u2588\u2588\u2588\u2588\u2588| 1/1 [00:00<00:00,  5.26it/s]
------------------------------ Captured log call ------------------------------
INFO     parseforge.layers.parser:parser.py:402 {'input_length': 52, 'event': 'parser_start', 'trace_id': 'fd5f9b0c99d1', 'stage': 'parser', 'level': 'info', 'timestamp': '2026-04-02T22:27:14.918352Z'}
DEBUG    parseforge.layers.parser:parser.py:410 {'event': 'attempting_ml_parse', 'trace_id': 'fd5f9b0c99d1', 'stage': 'parser', 'level': 'debug', 'timestamp': '2026-04-02T22:27:14.918801Z'}
INFO     parseforge.layers.parser:parser.py:444 {'intent': <IntentEnum.unknown: 'unknown'>, 'team_size': 2, 'topic': 'robotics', 'timeframe': 'this weekend', 'confidence': 0.46633240041479795, 'method': 'local_ml', 'event': 'parser_complete', 'trace_id': 'fd5f9b0c99d1', 'stage': 'parser', 'level': 'info', 'timestamp': '2026-04-02T22:27:15.119651Z'}
____________________ TestIntentExtraction.test_task_intent ____________________

self = <tests.test_parser.TestIntentExtraction object at 0x00000186C9685590>

    def test_task_intent(self):
        r = parse("I need someone to complete this task today")
>       assert r.intent in (IntentEnum.task, IntentEnum.help)
E       AssertionError: assert 'unknown' in (<IntentEnum.task: 'task'>, <IntentEnum.help: 'help'>)
E        +  where 'unknown' = ParsedRequest(intent='unknown', team_size=0, topic='general', timeframe='today', urgency='medium', raw_input='I need someone to complete this task today', parse_confidence=0.541787603863555, parse_method='local_ml', request_id='', timestamp='', pipeline_version='1.0.0').intent

tests\test_parser.py:35: AssertionError
---------------------------- Captured stdout call -----------------------------
2026-04-02T22:27:16.057481Z [info     ] parser_start                   input_length=42 stage=parser trace_id=fd5f9b0c99d1
2026-04-02T22:27:16.057980Z [debug    ] attempting_ml_parse            stage=parser trace_id=fd5f9b0c99d1
2026-04-02T22:27:16.229445Z [info     ] parser_complete                confidence=0.541787603863555 intent=unknown method=local_ml stage=parser team_size=0 timeframe=today topic=general trace_id=fd5f9b0c99d1
---------------------------- Captured stderr call -----------------------------
\rBatches:   0%|          | 0/1 [00:00<?, ?it/s]\rBatches: 100%|\u2588\u2588\u2588\u2588\u2588\u2588\u2588\u2588\u2588\u2588| 1/1 [00:00<00:00,  6.25it/s]\rBatches: 100%|\u2588\u2588\u2588\u2588\u2588\u2588\u2588\u2588\u2588\u2588| 1/1 [00:00<00:00,  6.24it/s]
------------------------------ Captured log call ------------------------------
INFO     parseforge.layers.parser:parser.py:402 {'input_length': 42, 'event': 'parser_start', 'trace_id': 'fd5f9b0c99d1', 'stage': 'parser', 'level': 'info', 'timestamp': '2026-04-02T22:27:16.057481Z'}
DEBUG    parseforge.layers.parser:parser.py:410 {'event': 'attempting_ml_parse', 'trace_id': 'fd5f9b0c99d1', 'stage': 'parser', 'level': 'debug', 'timestamp': '2026-04-02T22:27:16.057980Z'}
INFO     parseforge.layers.parser:parser.py:444 {'intent': <IntentEnum.unknown: 'unknown'>, 'team_size': 0, 'topic': 'general', 'timeframe': 'today', 'confidence': 0.541787603863555, 'method': 'local_ml', 'event': 'parser_complete', 'trace_id': 'fd5f9b0c99d1', 'stage': 'parser', 'level': 'info', 'timestamp': '2026-04-02T22:27:16.229445Z'}
_______________ TestParserMetadata.test_parse_method_rule_based _______________

self = <tests.test_parser.TestParserMetadata object at 0x00000186C9642AD0>

    def test_parse_method_rule_based(self):
        r = parse("Need 2 devs for a project this weekend")
>       assert r.parse_method == "rule_based"
E       AssertionError: assert 'local_ml' == 'rule_based'
E         
E         - rule_based
E         + local_ml

tests\test_parser.py:126: AssertionError
---------------------------- Captured stdout call -----------------------------
2026-04-02T22:27:24.520792Z [info     ] parser_start                   input_length=38 stage=parser trace_id=fd5f9b0c99d1
2026-04-02T22:27:24.522158Z [debug    ] attempting_ml_parse            stage=parser trace_id=fd5f9b0c99d1
2026-04-02T22:27:25.103235Z [info     ] parser_complete                confidence=0.500087852931172 intent=unknown method=local_ml stage=parser team_size=2 timeframe='this weekend' topic=devs trace_id=fd5f9b0c99d1
---------------------------- Captured stderr call -----------------------------
\rBatches:   0%|          | 0/1 [00:00<?, ?it/s]\rBatches: 100%|\u2588\u2588\u2588\u2588\u2588\u2588\u2588\u2588\u2588\u2588| 1/1 [00:00<00:00,  1.82it/s]\rBatches: 100%|\u2588\u2588\u2588\u2588\u2588\u2588\u2588\u2588\u2588\u2588| 1/1 [00:00<00:00,  1.82it/s]
------------------------------ Captured log call ------------------------------
INFO     parseforge.layers.parser:parser.py:402 {'input_length': 38, 'event': 'parser_start', 'trace_id': 'fd5f9b0c99d1', 'stage': 'parser', 'level': 'info', 'timestamp': '2026-04-02T22:27:24.520792Z'}
DEBUG    parseforge.layers.parser:parser.py:410 {'event': 'attempting_ml_parse', 'trace_id': 'fd5f9b0c99d1', 'stage': 'parser', 'level': 'debug', 'timestamp': '2026-04-02T22:27:24.522158Z'}
INFO     parseforge.layers.parser:parser.py:444 {'intent': <IntentEnum.unknown: 'unknown'>, 'team_size': 2, 'topic': 'devs', 'timeframe': 'this weekend', 'confidence': 0.500087852931172, 'method': 'local_ml', 'event': 'parser_complete', 'trace_id': 'fd5f9b0c99d1', 'stage': 'parser', 'level': 'info', 'timestamp': '2026-04-02T22:27:25.103235Z'}
=========================== short test summary info ===========================
FAILED tests/test_orchestrator.py::TestAutoCorrections::test_zero_team_size_auto_corrected
FAILED tests/test_orchestrator.py::TestFixtureBatch::test_happy_path_fixtures_match
FAILED tests/test_parser.py::TestIntentExtraction::test_project_intent - Asse...
FAILED tests/test_parser.py::TestIntentExtraction::test_task_intent - Asserti...
FAILED tests/test_parser.py::TestParserMetadata::test_parse_method_rule_based
================== 5 failed, 99 passed in 100.82s (0:01:40) ===================
